BASH_PROFILE
BASHRC
$ ssh ubuntu@52.14.156.42
The authenticity of host '52.14.156.42 (52.14.156.42)' can't be established.
ED25519 key fingerprint is SHA256:VcMYX6PTU33HsjEVZXRedVZrTiutUKLc+L16K1sDdrI.
This key is not known by any other names
Are you sure you want to continue connecting (yes/no/[fingerprint])? yes
Warning: Permanently added '52.14.156.42' (ED25519) to the list of known hosts.
Welcome to Ubuntu 22.04.1 LTS (GNU/Linux 5.15.0-1030-aws x86_64)

 * Documentation:  https://help.ubuntu.com
 * Management:     https://landscape.canonical.com
 * Support:        https://ubuntu.com/advantage

  System information as of Wed Nov 15 22:45:49 UTC 2023

  System load:           0.3193359375
  Usage of /:            2.6% of 57.97GB
  Memory usage:          11%
  Swap usage:            0%
  Processes:             108
  Users logged in:       0
  IPv4 address for ens5: 172.26.8.246
  IPv6 address for ens5: 2600:1f16:4:3c00:ab1b:143d:49b3:7040


Expanded Security Maintenance for Applications is not enabled.

0 updates can be applied immediately.

Enable ESM Apps to receive additional future security updates.
See https://ubuntu.com/esm or run: sudo pro status


The list of available updates is more than a week old.
To check for new updates run: sudo apt update

Last login: Wed Nov 15 22:45:53 2023 from 52.95.25.103
To run a command as administrator (user "root"), use "sudo <command>".
See "man sudo_root" for details.

ubuntu@ip-172-26-8-246:~$ mkdir projects
ubuntu@ip-172-26-8-246:~$ cd projects
ubuntu@ip-172-26-8-246:~/projects$ git clone https://github.com/gregdelozier/advanced-database.git
Cloning into 'advanced-database'...
remote: Enumerating objects: 226, done.
remote: Counting objects: 100% (22/22), done.
remote: Compressing objects: 100% (17/17), done.
remote: Total 226 (delta 8), reused 16 (delta 5), pack-reused 204
Receiving objects: 100% (226/226), 3.05 MiB | 17.94 MiB/s, done.
Resolving deltas: 100% (108/108), done.
ubuntu@ip-172-26-8-246:~/projects$ cd adv*
ubuntu@ip-172-26-8-246:~/projects/advanced-database$ git pull
Already up to date.
ubuntu@ip-172-26-8-246:~/projects/advanced-database$ cd alpha
ubuntu@ip-172-26-8-246:~/projects/advanced-database/alpha$ ls
topic-00-db-intro        topic-03-db-datasets  topic-06-mongo
topic-01-web-intro       topic-04-db-peewee    topic-07-pythonanywhere
topic-02-db-abstraction  topic-05-mongita
ubuntu@ip-172-26-8-246:~/projects/advanced-database/alpha$ git pull
remote: Enumerating objects: 5, done.
remote: Counting objects: 100% (5/5), done.
remote: Compressing objects: 100% (1/1), done.
remote: Total 3 (delta 2), reused 3 (delta 2), pack-reused 0
Unpacking objects: 100% (3/3), 329 bytes | 82.00 KiB/s, done.
From https://github.com/gregdelozier/advanced-database
   cfa2e3a..a90a811  main       -> origin/main
Updating cfa2e3a..a90a811
Fast-forward
 alpha/topic-08-server/application.py        |  44 ++++++++++
 alpha/topic-08-server/database.py           | 154 +++++++++++++++++++++++++++++++++
 alpha/topic-08-server/test_connection.py    |  15 ++++
 alpha/topic-08-server/views/add_item.tpl    |  11 +++
 alpha/topic-08-server/views/list.tpl        |  17 ++++
 alpha/topic-08-server/views/update_item.tpl |  12 +++
 6 files changed, 253 insertions(+)
 create mode 100644 alpha/topic-08-server/application.py
 create mode 100644 alpha/topic-08-server/database.py
 create mode 100644 alpha/topic-08-server/test_connection.py
 create mode 100644 alpha/topic-08-server/views/add_item.tpl
 create mode 100644 alpha/topic-08-server/views/list.tpl
 create mode 100644 alpha/topic-08-server/views/update_item.tpl
ubuntu@ip-172-26-8-246:~/projects/advanced-database/alpha$ ls
topic-00-db-intro        topic-03-db-datasets  topic-06-mongo
topic-01-web-intro       topic-04-db-peewee    topic-07-pythonanywhere
topic-02-db-abstraction  topic-05-mongita      topic-08-server
ubuntu@ip-172-26-8-246:~/projects/advanced-database/alpha$ ls
topic-00-db-intro        topic-03-db-datasets  topic-06-mongo
topic-01-web-intro       topic-04-db-peewee    topic-07-pythonanywhere
topic-02-db-abstraction  topic-05-mongita      topic-08-server
ubuntu@ip-172-26-8-246:~/projects/advanced-database/alpha$ git pull
remote: Enumerating objects: 11, done.
remote: Counting objects: 100% (11/11), done.
remote: Compressing objects: 100% (2/2), done.
remote: Total 6 (delta 4), reused 6 (delta 4), pack-reused 0
Unpacking objects: 100% (6/6), 587 bytes | 587.00 KiB/s, done.
From https://github.com/gregdelozier/advanced-database
   a90a811..0cf2a3c  main       -> origin/main
Updating a90a811..0cf2a3c
Fast-forward
 alpha/topic-08-server/application.py     | 2 +-
 alpha/topic-08-server/test_connection.py | 2 ++
 2 files changed, 3 insertions(+), 1 deletion(-)
ubuntu@ip-172-26-8-246:~/projects/advanced-database/alpha$ cd *08*
ubuntu@ip-172-26-8-246:~/projects/advanced-database/alpha/topic-08-server$ python test-connection.py
Command 'python' not found, did you mean:
  command 'python3' from deb python3
  command 'python' from deb python-is-python3
ubuntu@ip-172-26-8-246:~/projects/advanced-database/alpha/topic-08-server$ mongosh
mongosh: command not found
ubuntu@ip-172-26-8-246:~/projects/advanced-database/alpha/topic-08-server$ sudo apt-get python-is-python3
E: Invalid operation python-is-python3
ubuntu@ip-172-26-8-246:~/projects/advanced-database/alpha/topic-08-server$ sudo apt-get install python-is-python3
Reading package lists... Done
Building dependency tree... Done
Reading state information... Done
The following NEW packages will be installed:
  python-is-python3
0 upgraded, 1 newly installed, 0 to remove and 0 not upgraded.
Need to get 2788 B of archives.
After this operation, 13.3 kB of additional disk space will be used.
Get:1 http://us-east-2.ec2.archive.ubuntu.com/ubuntu jammy/main amd64 python-is-python3 all 3.9.2-2 [2788 B]
Fetched 2788 B in 0s (165 kB/s)             
Selecting previously unselected package python-is-python3.
(Reading database ... 63606 files and directories currently installed.)
Preparing to unpack .../python-is-python3_3.9.2-2_all.deb ...
Unpacking python-is-python3 (3.9.2-2) ...
Setting up python-is-python3 (3.9.2-2) ...
Processing triggers for man-db (2.10.2-1) ...
Scanning processes...                                                                                       
Scanning linux images...                                                                                    

Running kernel seems to be up-to-date.

No services need to be restarted.

No containers need to be restarted.

No user sessions are running outdated binaries.

No VM guests are running outdated hypervisor (qemu) binaries on this host.
ubuntu@ip-172-26-8-246:~/projects/advanced-database/alpha/topic-08-server$ python test-connection.py
python: can't open file '/home/ubuntu/projects/advanced-database/alpha/topic-08-server/test-connection.py': [Errno 2] No such file or directory
ubuntu@ip-172-26-8-246:~/projects/advanced-database/alpha/topic-08-server$ ls
application.py  database.py  test_connection.py  views
ubuntu@ip-172-26-8-246:~/projects/advanced-database/alpha/topic-08-server$ python test_connection.py
Traceback (most recent call last):
  File "/home/ubuntu/projects/advanced-database/alpha/topic-08-server/test_connection.py", line 2, in <module>
    from pymongo.mongo_client import MongoClient
ModuleNotFoundError: No module named 'pymongo'
ubuntu@ip-172-26-8-246:~/projects/advanced-database/alpha/topic-08-server$ pip install pymongo
Command 'pip' not found, but can be installed with:
sudo apt install python3-pip
ubuntu@ip-172-26-8-246:~/projects/advanced-database/alpha/topic-08-server$ sudo apt install python3-pip
Reading package lists... Done
Building dependency tree... Done
Reading state information... Done
Package python3-pip is not available, but is referred to by another package.
This may mean that the package is missing, has been obsoleted, or
is only available from another source

E: Package 'python3-pip' has no installation candidate
ubuntu@ip-172-26-8-246:~/projects/advanced-database/alpha/topic-08-server$ sudo apt-get update
Hit:1 http://us-east-2.ec2.archive.ubuntu.com/ubuntu jammy InRelease
Get:2 http://us-east-2.ec2.archive.ubuntu.com/ubuntu jammy-updates InRelease [119 kB]
Get:3 http://us-east-2.ec2.archive.ubuntu.com/ubuntu jammy-backports InRelease [109 kB]
Get:4 http://security.ubuntu.com/ubuntu jammy-security InRelease [110 kB]         
Get:5 http://us-east-2.ec2.archive.ubuntu.com/ubuntu jammy/universe amd64 Packages [14.1 MB]
Get:6 http://security.ubuntu.com/ubuntu jammy-security/main amd64 Packages [953 kB]
Get:7 http://security.ubuntu.com/ubuntu jammy-security/main Translation-en [188 kB]
Get:8 http://security.ubuntu.com/ubuntu jammy-security/main amd64 c-n-f Metadata [11.4 kB]   
Get:9 http://security.ubuntu.com/ubuntu jammy-security/restricted amd64 Packages [1093 kB]    
Get:10 http://us-east-2.ec2.archive.ubuntu.com/ubuntu jammy/universe Translation-en [5652 kB]
Get:11 http://security.ubuntu.com/ubuntu jammy-security/restricted Translation-en [178 kB]         
Get:12 http://security.ubuntu.com/ubuntu jammy-security/restricted amd64 c-n-f Metadata [520 B]    
Get:13 http://security.ubuntu.com/ubuntu jammy-security/universe amd64 Packages [795 kB]           
Get:14 http://security.ubuntu.com/ubuntu jammy-security/universe Translation-en [147 kB]                
Get:15 http://security.ubuntu.com/ubuntu jammy-security/universe amd64 c-n-f Metadata [16.8 kB]            
Get:16 http://security.ubuntu.com/ubuntu jammy-security/multiverse amd64 Packages [36.5 kB]                
Get:17 http://security.ubuntu.com/ubuntu jammy-security/multiverse Translation-en [7060 B]                 
Get:18 http://security.ubuntu.com/ubuntu jammy-security/multiverse amd64 c-n-f Metadata [260 B]            
Get:19 http://us-east-2.ec2.archive.ubuntu.com/ubuntu jammy/universe amd64 c-n-f Metadata [286 kB]
Get:20 http://us-east-2.ec2.archive.ubuntu.com/ubuntu jammy/multiverse amd64 Packages [217 kB]
Get:21 http://us-east-2.ec2.archive.ubuntu.com/ubuntu jammy/multiverse Translation-en [112 kB]
Get:22 http://us-east-2.ec2.archive.ubuntu.com/ubuntu jammy/multiverse amd64 c-n-f Metadata [8372 B]
Get:23 http://us-east-2.ec2.archive.ubuntu.com/ubuntu jammy-updates/main amd64 Packages [1162 kB]
Get:24 http://us-east-2.ec2.archive.ubuntu.com/ubuntu jammy-updates/main Translation-en [247 kB]
Get:25 http://us-east-2.ec2.archive.ubuntu.com/ubuntu jammy-updates/main amd64 c-n-f Metadata [16.1 kB]
Get:26 http://us-east-2.ec2.archive.ubuntu.com/ubuntu jammy-updates/restricted amd64 Packages [1114 kB]
Get:27 http://us-east-2.ec2.archive.ubuntu.com/ubuntu jammy-updates/restricted Translation-en [181 kB]
Get:28 http://us-east-2.ec2.archive.ubuntu.com/ubuntu jammy-updates/restricted amd64 c-n-f Metadata [520 B]
Get:29 http://us-east-2.ec2.archive.ubuntu.com/ubuntu jammy-updates/universe amd64 Packages [997 kB]
Get:30 http://us-east-2.ec2.archive.ubuntu.com/ubuntu jammy-updates/universe Translation-en [219 kB]
Get:31 http://us-east-2.ec2.archive.ubuntu.com/ubuntu jammy-updates/universe amd64 c-n-f Metadata [22.1 kB]
Get:32 http://us-east-2.ec2.archive.ubuntu.com/ubuntu jammy-updates/multiverse amd64 Packages [41.6 kB]
Get:33 http://us-east-2.ec2.archive.ubuntu.com/ubuntu jammy-updates/multiverse Translation-en [9768 B]
Get:34 http://us-east-2.ec2.archive.ubuntu.com/ubuntu jammy-updates/multiverse amd64 c-n-f Metadata [472 B]
Get:35 http://us-east-2.ec2.archive.ubuntu.com/ubuntu jammy-backports/main amd64 Packages [64.2 kB]
Get:36 http://us-east-2.ec2.archive.ubuntu.com/ubuntu jammy-backports/main Translation-en [10.5 kB]
Get:37 http://us-east-2.ec2.archive.ubuntu.com/ubuntu jammy-backports/main amd64 c-n-f Metadata [388 B]
Get:38 http://us-east-2.ec2.archive.ubuntu.com/ubuntu jammy-backports/restricted amd64 c-n-f Metadata [116 B]
Get:39 http://us-east-2.ec2.archive.ubuntu.com/ubuntu jammy-backports/universe amd64 Packages [27.8 kB]
Get:40 http://us-east-2.ec2.archive.ubuntu.com/ubuntu jammy-backports/universe Translation-en [16.4 kB]
Get:41 http://us-east-2.ec2.archive.ubuntu.com/ubuntu jammy-backports/universe amd64 c-n-f Metadata [644 B]
Get:42 http://us-east-2.ec2.archive.ubuntu.com/ubuntu jammy-backports/multiverse amd64 c-n-f Metadata [116 B]
Fetched 28.3 MB in 6s (4855 kB/s)                          
Reading package lists... Done
ubuntu@ip-172-26-8-246:~/projects/advanced-database/alpha/topic-08-server$ sudo apt install python3-pip
Reading package lists... Done
Building dependency tree... Done
Reading state information... Done
The following additional packages will be installed:
  build-essential bzip2 cpp cpp-11 dpkg-dev fakeroot fontconfig-config fonts-dejavu-core g++ g++-11 gcc
  gcc-11 gcc-11-base gcc-12-base javascript-common libalgorithm-diff-perl libalgorithm-diff-xs-perl
  libalgorithm-merge-perl libasan6 libatomic1 libc-dev-bin libc-devtools libc6 libc6-dev libcc1-0
  libcrypt-dev libdeflate0 libdpkg-perl libexpat1-dev libfakeroot libfile-fcntllock-perl libfontconfig1
  libgcc-11-dev libgcc-s1 libgd3 libgomp1 libisl23 libitm1 libjbig0 libjpeg-turbo8 libjpeg8 libjs-jquery
  libjs-sphinxdoc libjs-underscore liblsan0 libmpc3 libnsl-dev libpython3-dev libpython3.10
  libpython3.10-dev libpython3.10-minimal libpython3.10-stdlib libquadmath0 libstdc++-11-dev libstdc++6
  libtiff5 libtirpc-dev libtsan0 libubsan1 libwebp7 libxpm4 linux-libc-dev lto-disabled-list make
  manpages-dev python3-dev python3-wheel python3.10 python3.10-dev python3.10-minimal rpcsvc-proto
  zlib1g-dev
Suggested packages:
  bzip2-doc cpp-doc gcc-11-locales debian-keyring g++-multilib g++-11-multilib gcc-11-doc gcc-multilib
  autoconf automake libtool flex bison gdb gcc-doc gcc-11-multilib apache2 | lighttpd | httpd glibc-doc
  bzr libgd-tools libstdc++-11-doc make-doc python3.10-venv python3.10-doc binfmt-support
Recommended packages:
  libnss-nis libnss-nisplus
The following NEW packages will be installed:
  build-essential bzip2 cpp cpp-11 dpkg-dev fakeroot fontconfig-config fonts-dejavu-core g++ g++-11 gcc
  gcc-11 gcc-11-base javascript-common libalgorithm-diff-perl libalgorithm-diff-xs-perl
  libalgorithm-merge-perl libasan6 libatomic1 libc-dev-bin libc-devtools libc6-dev libcc1-0 libcrypt-dev
  libdeflate0 libdpkg-perl libexpat1-dev libfakeroot libfile-fcntllock-perl libfontconfig1 libgcc-11-dev
  libgd3 libgomp1 libisl23 libitm1 libjbig0 libjpeg-turbo8 libjpeg8 libjs-jquery libjs-sphinxdoc
  libjs-underscore liblsan0 libmpc3 libnsl-dev libpython3-dev libpython3.10-dev libquadmath0
  libstdc++-11-dev libtiff5 libtirpc-dev libtsan0 libubsan1 libwebp7 libxpm4 linux-libc-dev
  lto-disabled-list make manpages-dev python3-dev python3-pip python3-wheel python3.10-dev rpcsvc-proto
  zlib1g-dev
The following packages will be upgraded:
  gcc-12-base libc6 libgcc-s1 libpython3.10 libpython3.10-minimal libpython3.10-stdlib libstdc++6
  python3.10 python3.10-minimal
9 upgraded, 64 newly installed, 0 to remove and 158 not upgraded.
Need to get 82.7 MB of archives.
After this operation, 239 MB of additional disk space will be used.
Do you want to continue? [Y/n] Y
Get:1 http://us-east-2.ec2.archive.ubuntu.com/ubuntu jammy-updates/main amd64 gcc-12-base amd64 12.3.0-1ubuntu1~22.04 [20.1 kB]
Get:2 http://us-east-2.ec2.archive.ubuntu.com/ubuntu jammy-updates/main amd64 libgcc-s1 amd64 12.3.0-1ubuntu1~22.04 [53.9 kB]
Get:3 http://us-east-2.ec2.archive.ubuntu.com/ubuntu jammy-updates/main amd64 libstdc++6 amd64 12.3.0-1ubuntu1~22.04 [699 kB]
Get:4 http://us-east-2.ec2.archive.ubuntu.com/ubuntu jammy-updates/main amd64 libc6 amd64 2.35-0ubuntu3.4 [3234 kB]
Get:5 http://us-east-2.ec2.archive.ubuntu.com/ubuntu jammy-updates/main amd64 libpython3.10 amd64 3.10.12-1~22.04.2 [1949 kB]
Get:6 http://us-east-2.ec2.archive.ubuntu.com/ubuntu jammy-updates/main amd64 python3.10 amd64 3.10.12-1~22.04.2 [509 kB]
Get:7 http://us-east-2.ec2.archive.ubuntu.com/ubuntu jammy-updates/main amd64 libpython3.10-stdlib amd64 3.10.12-1~22.04.2 [1849 kB]
Get:8 http://us-east-2.ec2.archive.ubuntu.com/ubuntu jammy-updates/main amd64 python3.10-minimal amd64 3.10.12-1~22.04.2 [2258 kB]
Get:9 http://us-east-2.ec2.archive.ubuntu.com/ubuntu jammy-updates/main amd64 libpython3.10-minimal amd64 3.10.12-1~22.04.2 [811 kB]
Get:10 http://us-east-2.ec2.archive.ubuntu.com/ubuntu jammy-updates/main amd64 libc-dev-bin amd64 2.35-0ubuntu3.4 [20.3 kB]
Get:11 http://us-east-2.ec2.archive.ubuntu.com/ubuntu jammy-updates/main amd64 linux-libc-dev amd64 5.15.0-88.98 [1346 kB]
Get:12 http://us-east-2.ec2.archive.ubuntu.com/ubuntu jammy/main amd64 libcrypt-dev amd64 1:4.4.27-1 [112 kB]
Get:13 http://us-east-2.ec2.archive.ubuntu.com/ubuntu jammy/main amd64 rpcsvc-proto amd64 1.4.2-0ubuntu6 [68.5 kB]
Get:14 http://us-east-2.ec2.archive.ubuntu.com/ubuntu jammy-updates/main amd64 libtirpc-dev amd64 1.3.2-2ubuntu0.1 [192 kB]
Get:15 http://us-east-2.ec2.archive.ubuntu.com/ubuntu jammy/main amd64 libnsl-dev amd64 1.3.0-2build2 [71.3 kB]
Get:16 http://us-east-2.ec2.archive.ubuntu.com/ubuntu jammy-updates/main amd64 libc6-dev amd64 2.35-0ubuntu3.4 [2100 kB]
Get:17 http://us-east-2.ec2.archive.ubuntu.com/ubuntu jammy-updates/main amd64 gcc-11-base amd64 11.4.0-1ubuntu1~22.04 [20.2 kB]
Get:18 http://us-east-2.ec2.archive.ubuntu.com/ubuntu jammy/main amd64 libisl23 amd64 0.24-2build1 [727 kB]
Get:19 http://us-east-2.ec2.archive.ubuntu.com/ubuntu jammy/main amd64 libmpc3 amd64 1.2.1-2build1 [46.9 kB]
Get:20 http://us-east-2.ec2.archive.ubuntu.com/ubuntu jammy-updates/main amd64 cpp-11 amd64 11.4.0-1ubuntu1~22.04 [10.0 MB]
Get:21 http://us-east-2.ec2.archive.ubuntu.com/ubuntu jammy/main amd64 cpp amd64 4:11.2.0-1ubuntu1 [27.7 kB]
Get:22 http://us-east-2.ec2.archive.ubuntu.com/ubuntu jammy-updates/main amd64 libcc1-0 amd64 12.3.0-1ubuntu1~22.04 [48.3 kB]
Get:23 http://us-east-2.ec2.archive.ubuntu.com/ubuntu jammy-updates/main amd64 libgomp1 amd64 12.3.0-1ubuntu1~22.04 [126 kB]
Get:24 http://us-east-2.ec2.archive.ubuntu.com/ubuntu jammy-updates/main amd64 libitm1 amd64 12.3.0-1ubuntu1~22.04 [30.2 kB]
Get:25 http://us-east-2.ec2.archive.ubuntu.com/ubuntu jammy-updates/main amd64 libatomic1 amd64 12.3.0-1ubuntu1~22.04 [10.4 kB]
Get:26 http://us-east-2.ec2.archive.ubuntu.com/ubuntu jammy-updates/main amd64 libasan6 amd64 11.4.0-1ubuntu1~22.04 [2282 kB]
Get:27 http://us-east-2.ec2.archive.ubuntu.com/ubuntu jammy-updates/main amd64 liblsan0 amd64 12.3.0-1ubuntu1~22.04 [1069 kB]
Get:28 http://us-east-2.ec2.archive.ubuntu.com/ubuntu jammy-updates/main amd64 libtsan0 amd64 11.4.0-1ubuntu1~22.04 [2260 kB]
Get:29 http://us-east-2.ec2.archive.ubuntu.com/ubuntu jammy-updates/main amd64 libubsan1 amd64 12.3.0-1ubuntu1~22.04 [976 kB]
Get:30 http://us-east-2.ec2.archive.ubuntu.com/ubuntu jammy-updates/main amd64 libquadmath0 amd64 12.3.0-1ubuntu1~22.04 [154 kB]
Get:31 http://us-east-2.ec2.archive.ubuntu.com/ubuntu jammy-updates/main amd64 libgcc-11-dev amd64 11.4.0-1ubuntu1~22.04 [2517 kB]
Get:32 http://us-east-2.ec2.archive.ubuntu.com/ubuntu jammy-updates/main amd64 gcc-11 amd64 11.4.0-1ubuntu1~22.04 [20.1 MB]
Get:33 http://us-east-2.ec2.archive.ubuntu.com/ubuntu jammy/main amd64 gcc amd64 4:11.2.0-1ubuntu1 [5112 B]
Get:34 http://us-east-2.ec2.archive.ubuntu.com/ubuntu jammy-updates/main amd64 libstdc++-11-dev amd64 11.4.0-1ubuntu1~22.04 [2101 kB]
Get:35 http://us-east-2.ec2.archive.ubuntu.com/ubuntu jammy-updates/main amd64 g++-11 amd64 11.4.0-1ubuntu1~22.04 [11.4 MB]
Get:36 http://us-east-2.ec2.archive.ubuntu.com/ubuntu jammy/main amd64 g++ amd64 4:11.2.0-1ubuntu1 [1412 B]
Get:37 http://us-east-2.ec2.archive.ubuntu.com/ubuntu jammy/main amd64 make amd64 4.3-4.1build1 [180 kB]
Get:38 http://us-east-2.ec2.archive.ubuntu.com/ubuntu jammy-updates/main amd64 libdpkg-perl all 1.21.1ubuntu2.2 [237 kB]
Get:39 http://us-east-2.ec2.archive.ubuntu.com/ubuntu jammy/main amd64 bzip2 amd64 1.0.8-5build1 [34.8 kB]
Get:40 http://us-east-2.ec2.archive.ubuntu.com/ubuntu jammy/main amd64 lto-disabled-list all 24 [12.5 kB]
Get:41 http://us-east-2.ec2.archive.ubuntu.com/ubuntu jammy-updates/main amd64 dpkg-dev all 1.21.1ubuntu2.2 [922 kB]
Get:42 http://us-east-2.ec2.archive.ubuntu.com/ubuntu jammy/main amd64 build-essential amd64 12.9ubuntu3 [4744 B]
Get:43 http://us-east-2.ec2.archive.ubuntu.com/ubuntu jammy/main amd64 libfakeroot amd64 1.28-1ubuntu1 [31.5 kB]
Get:44 http://us-east-2.ec2.archive.ubuntu.com/ubuntu jammy/main amd64 fakeroot amd64 1.28-1ubuntu1 [60.4 kB]
Get:45 http://us-east-2.ec2.archive.ubuntu.com/ubuntu jammy/main amd64 fonts-dejavu-core all 2.37-2build1 [1041 kB]
Get:46 http://us-east-2.ec2.archive.ubuntu.com/ubuntu jammy/main amd64 fontconfig-config all 2.13.1-4.2ubuntu5 [29.1 kB]
Get:47 http://us-east-2.ec2.archive.ubuntu.com/ubuntu jammy/main amd64 javascript-common all 11+nmu1 [5936 B]
Get:48 http://us-east-2.ec2.archive.ubuntu.com/ubuntu jammy/main amd64 libalgorithm-diff-perl all 1.201-1 [41.8 kB]
Get:49 http://us-east-2.ec2.archive.ubuntu.com/ubuntu jammy/main amd64 libalgorithm-diff-xs-perl amd64 0.04-6build3 [11.9 kB]
Get:50 http://us-east-2.ec2.archive.ubuntu.com/ubuntu jammy/main amd64 libalgorithm-merge-perl all 0.08-3 [12.0 kB]
Get:51 http://us-east-2.ec2.archive.ubuntu.com/ubuntu jammy/main amd64 libfontconfig1 amd64 2.13.1-4.2ubuntu5 [131 kB]
Get:52 http://us-east-2.ec2.archive.ubuntu.com/ubuntu jammy/main amd64 libjpeg-turbo8 amd64 2.1.2-0ubuntu1 [134 kB]
Get:53 http://us-east-2.ec2.archive.ubuntu.com/ubuntu jammy/main amd64 libjpeg8 amd64 8c-2ubuntu10 [2264 B]
Get:54 http://us-east-2.ec2.archive.ubuntu.com/ubuntu jammy/main amd64 libdeflate0 amd64 1.10-2 [70.9 kB]
Get:55 http://us-east-2.ec2.archive.ubuntu.com/ubuntu jammy-updates/main amd64 libjbig0 amd64 2.1-3.1ubuntu0.22.04.1 [29.2 kB]
Get:56 http://us-east-2.ec2.archive.ubuntu.com/ubuntu jammy-updates/main amd64 libwebp7 amd64 1.2.2-2ubuntu0.22.04.2 [206 kB]
Get:57 http://us-east-2.ec2.archive.ubuntu.com/ubuntu jammy-updates/main amd64 libtiff5 amd64 4.3.0-6ubuntu0.6 [183 kB]
Get:58 http://us-east-2.ec2.archive.ubuntu.com/ubuntu jammy-updates/main amd64 libxpm4 amd64 1:3.5.12-1ubuntu0.22.04.2 [36.7 kB]
Get:59 http://us-east-2.ec2.archive.ubuntu.com/ubuntu jammy/main amd64 libgd3 amd64 2.3.0-2ubuntu2 [129 kB]
Get:60 http://us-east-2.ec2.archive.ubuntu.com/ubuntu jammy-updates/main amd64 libc-devtools amd64 2.35-0ubuntu3.4 [28.9 kB]
Get:61 http://us-east-2.ec2.archive.ubuntu.com/ubuntu jammy-updates/main amd64 libexpat1-dev amd64 2.4.7-1ubuntu0.2 [147 kB]
Get:62 http://us-east-2.ec2.archive.ubuntu.com/ubuntu jammy/main amd64 libfile-fcntllock-perl amd64 0.22-3build7 [33.9 kB]
Get:63 http://us-east-2.ec2.archive.ubuntu.com/ubuntu jammy/main amd64 libjs-jquery all 3.6.0+dfsg+~3.5.13-1 [321 kB]
Get:64 http://us-east-2.ec2.archive.ubuntu.com/ubuntu jammy/main amd64 libjs-underscore all 1.13.2~dfsg-2 [118 kB]
Get:65 http://us-east-2.ec2.archive.ubuntu.com/ubuntu jammy/main amd64 libjs-sphinxdoc all 4.3.2-1 [139 kB]
Get:66 http://us-east-2.ec2.archive.ubuntu.com/ubuntu jammy-updates/main amd64 zlib1g-dev amd64 1:1.2.11.dfsg-2ubuntu9.2 [164 kB]
Get:67 http://us-east-2.ec2.archive.ubuntu.com/ubuntu jammy-updates/main amd64 libpython3.10-dev amd64 3.10.12-1~22.04.2 [4764 kB]
Get:68 http://us-east-2.ec2.archive.ubuntu.com/ubuntu jammy-updates/main amd64 libpython3-dev amd64 3.10.6-1~22.04 [7166 B]
Get:69 http://us-east-2.ec2.archive.ubuntu.com/ubuntu jammy/main amd64 manpages-dev all 5.10-1ubuntu1 [2309 kB]
Get:70 http://us-east-2.ec2.archive.ubuntu.com/ubuntu jammy-updates/main amd64 python3.10-dev amd64 3.10.12-1~22.04.2 [507 kB]
Get:71 http://us-east-2.ec2.archive.ubuntu.com/ubuntu jammy-updates/main amd64 python3-dev amd64 3.10.6-1~22.04 [26.0 kB]
Get:72 http://us-east-2.ec2.archive.ubuntu.com/ubuntu jammy-updates/universe amd64 python3-wheel all 0.37.1-2ubuntu0.22.04.1 [32.0 kB]
Get:73 http://us-east-2.ec2.archive.ubuntu.com/ubuntu jammy-updates/universe amd64 python3-pip all 22.0.2+dfsg-1ubuntu0.4 [1305 kB]
Fetched 82.7 MB in 4s (20.5 MB/s)      
Extracting templates from packages: 100%
Preconfiguring packages ...
(Reading database ... 63611 files and directories currently installed.)
Preparing to unpack .../gcc-12-base_12.3.0-1ubuntu1~22.04_amd64.deb ...
Unpacking gcc-12-base:amd64 (12.3.0-1ubuntu1~22.04) over (12.1.0-2ubuntu1~22.04) ...
Setting up gcc-12-base:amd64 (12.3.0-1ubuntu1~22.04) ...
(Reading database ... 63611 files and directories currently installed.)
Preparing to unpack .../libgcc-s1_12.3.0-1ubuntu1~22.04_amd64.deb ...
Unpacking libgcc-s1:amd64 (12.3.0-1ubuntu1~22.04) over (12.1.0-2ubuntu1~22.04) ...
Setting up libgcc-s1:amd64 (12.3.0-1ubuntu1~22.04) ...
(Reading database ... 63611 files and directories currently installed.)
Preparing to unpack .../libstdc++6_12.3.0-1ubuntu1~22.04_amd64.deb ...
Unpacking libstdc++6:amd64 (12.3.0-1ubuntu1~22.04) over (12.1.0-2ubuntu1~22.04) ...
Setting up libstdc++6:amd64 (12.3.0-1ubuntu1~22.04) ...
(Reading database ... 63611 files and directories currently installed.)
Preparing to unpack .../libc6_2.35-0ubuntu3.4_amd64.deb ...
Unpacking libc6:amd64 (2.35-0ubuntu3.4) over (2.35-0ubuntu3.1) ...
Setting up libc6:amd64 (2.35-0ubuntu3.4) ...
(Reading database ... 63611 files and directories currently installed.)
Preparing to unpack .../00-libpython3.10_3.10.12-1~22.04.2_amd64.deb ...
Unpacking libpython3.10:amd64 (3.10.12-1~22.04.2) over (3.10.6-1~22.04.2) ...
Preparing to unpack .../01-python3.10_3.10.12-1~22.04.2_amd64.deb ...
Unpacking python3.10 (3.10.12-1~22.04.2) over (3.10.6-1~22.04.2) ...
Preparing to unpack .../02-libpython3.10-stdlib_3.10.12-1~22.04.2_amd64.deb ...
Unpacking libpython3.10-stdlib:amd64 (3.10.12-1~22.04.2) over (3.10.6-1~22.04.2) ...
Preparing to unpack .../03-python3.10-minimal_3.10.12-1~22.04.2_amd64.deb ...
Unpacking python3.10-minimal (3.10.12-1~22.04.2) over (3.10.6-1~22.04.2) ...
Preparing to unpack .../04-libpython3.10-minimal_3.10.12-1~22.04.2_amd64.deb ...
Unpacking libpython3.10-minimal:amd64 (3.10.12-1~22.04.2) over (3.10.6-1~22.04.2) ...
Selecting previously unselected package libc-dev-bin.
Preparing to unpack .../05-libc-dev-bin_2.35-0ubuntu3.4_amd64.deb ...
Unpacking libc-dev-bin (2.35-0ubuntu3.4) ...
Selecting previously unselected package linux-libc-dev:amd64.
Preparing to unpack .../06-linux-libc-dev_5.15.0-88.98_amd64.deb ...
Unpacking linux-libc-dev:amd64 (5.15.0-88.98) ...
Selecting previously unselected package libcrypt-dev:amd64.
Preparing to unpack .../07-libcrypt-dev_1%3a4.4.27-1_amd64.deb ...
Unpacking libcrypt-dev:amd64 (1:4.4.27-1) ...
Selecting previously unselected package rpcsvc-proto.
Preparing to unpack .../08-rpcsvc-proto_1.4.2-0ubuntu6_amd64.deb ...
Unpacking rpcsvc-proto (1.4.2-0ubuntu6) ...
Selecting previously unselected package libtirpc-dev:amd64.
Preparing to unpack .../09-libtirpc-dev_1.3.2-2ubuntu0.1_amd64.deb ...
Unpacking libtirpc-dev:amd64 (1.3.2-2ubuntu0.1) ...
Selecting previously unselected package libnsl-dev:amd64.
Preparing to unpack .../10-libnsl-dev_1.3.0-2build2_amd64.deb ...
Unpacking libnsl-dev:amd64 (1.3.0-2build2) ...
Selecting previously unselected package libc6-dev:amd64.
Preparing to unpack .../11-libc6-dev_2.35-0ubuntu3.4_amd64.deb ...
Unpacking libc6-dev:amd64 (2.35-0ubuntu3.4) ...
Selecting previously unselected package gcc-11-base:amd64.
Preparing to unpack .../12-gcc-11-base_11.4.0-1ubuntu1~22.04_amd64.deb ...
Unpacking gcc-11-base:amd64 (11.4.0-1ubuntu1~22.04) ...
Selecting previously unselected package libisl23:amd64.
Preparing to unpack .../13-libisl23_0.24-2build1_amd64.deb ...
Unpacking libisl23:amd64 (0.24-2build1) ...
Selecting previously unselected package libmpc3:amd64.
Preparing to unpack .../14-libmpc3_1.2.1-2build1_amd64.deb ...
Unpacking libmpc3:amd64 (1.2.1-2build1) ...
Selecting previously unselected package cpp-11.
Preparing to unpack .../15-cpp-11_11.4.0-1ubuntu1~22.04_amd64.deb ...
Unpacking cpp-11 (11.4.0-1ubuntu1~22.04) ...
Selecting previously unselected package cpp.
Preparing to unpack .../16-cpp_4%3a11.2.0-1ubuntu1_amd64.deb ...
Unpacking cpp (4:11.2.0-1ubuntu1) ...
Selecting previously unselected package libcc1-0:amd64.
Preparing to unpack .../17-libcc1-0_12.3.0-1ubuntu1~22.04_amd64.deb ...
Unpacking libcc1-0:amd64 (12.3.0-1ubuntu1~22.04) ...
Selecting previously unselected package libgomp1:amd64.
Preparing to unpack .../18-libgomp1_12.3.0-1ubuntu1~22.04_amd64.deb ...
Unpacking libgomp1:amd64 (12.3.0-1ubuntu1~22.04) ...
Selecting previously unselected package libitm1:amd64.
Preparing to unpack .../19-libitm1_12.3.0-1ubuntu1~22.04_amd64.deb ...
Unpacking libitm1:amd64 (12.3.0-1ubuntu1~22.04) ...
Selecting previously unselected package libatomic1:amd64.
Preparing to unpack .../20-libatomic1_12.3.0-1ubuntu1~22.04_amd64.deb ...
Unpacking libatomic1:amd64 (12.3.0-1ubuntu1~22.04) ...
Selecting previously unselected package libasan6:amd64.
Preparing to unpack .../21-libasan6_11.4.0-1ubuntu1~22.04_amd64.deb ...
Unpacking libasan6:amd64 (11.4.0-1ubuntu1~22.04) ...
Selecting previously unselected package liblsan0:amd64.
Preparing to unpack .../22-liblsan0_12.3.0-1ubuntu1~22.04_amd64.deb ...
Unpacking liblsan0:amd64 (12.3.0-1ubuntu1~22.04) ...
Selecting previously unselected package libtsan0:amd64.
Preparing to unpack .../23-libtsan0_11.4.0-1ubuntu1~22.04_amd64.deb ...
Unpacking libtsan0:amd64 (11.4.0-1ubuntu1~22.04) ...
Selecting previously unselected package libubsan1:amd64.
Preparing to unpack .../24-libubsan1_12.3.0-1ubuntu1~22.04_amd64.deb ...
Unpacking libubsan1:amd64 (12.3.0-1ubuntu1~22.04) ...
Selecting previously unselected package libquadmath0:amd64.
Preparing to unpack .../25-libquadmath0_12.3.0-1ubuntu1~22.04_amd64.deb ...
Unpacking libquadmath0:amd64 (12.3.0-1ubuntu1~22.04) ...
Selecting previously unselected package libgcc-11-dev:amd64.
Preparing to unpack .../26-libgcc-11-dev_11.4.0-1ubuntu1~22.04_amd64.deb ...
Unpacking libgcc-11-dev:amd64 (11.4.0-1ubuntu1~22.04) ...
Selecting previously unselected package gcc-11.
Preparing to unpack .../27-gcc-11_11.4.0-1ubuntu1~22.04_amd64.deb ...
Unpacking gcc-11 (11.4.0-1ubuntu1~22.04) ...
Selecting previously unselected package gcc.
Preparing to unpack .../28-gcc_4%3a11.2.0-1ubuntu1_amd64.deb ...
Unpacking gcc (4:11.2.0-1ubuntu1) ...
Selecting previously unselected package libstdc++-11-dev:amd64.
Preparing to unpack .../29-libstdc++-11-dev_11.4.0-1ubuntu1~22.04_amd64.deb ...
Unpacking libstdc++-11-dev:amd64 (11.4.0-1ubuntu1~22.04) ...
Selecting previously unselected package g++-11.
Preparing to unpack .../30-g++-11_11.4.0-1ubuntu1~22.04_amd64.deb ...
Unpacking g++-11 (11.4.0-1ubuntu1~22.04) ...
Selecting previously unselected package g++.
Preparing to unpack .../31-g++_4%3a11.2.0-1ubuntu1_amd64.deb ...
Unpacking g++ (4:11.2.0-1ubuntu1) ...
Selecting previously unselected package make.
Preparing to unpack .../32-make_4.3-4.1build1_amd64.deb ...
Unpacking make (4.3-4.1build1) ...
Selecting previously unselected package libdpkg-perl.
Preparing to unpack .../33-libdpkg-perl_1.21.1ubuntu2.2_all.deb ...
Unpacking libdpkg-perl (1.21.1ubuntu2.2) ...
Selecting previously unselected package bzip2.
Preparing to unpack .../34-bzip2_1.0.8-5build1_amd64.deb ...
Unpacking bzip2 (1.0.8-5build1) ...
Selecting previously unselected package lto-disabled-list.
Preparing to unpack .../35-lto-disabled-list_24_all.deb ...
Unpacking lto-disabled-list (24) ...
Selecting previously unselected package dpkg-dev.
Preparing to unpack .../36-dpkg-dev_1.21.1ubuntu2.2_all.deb ...
Unpacking dpkg-dev (1.21.1ubuntu2.2) ...
Selecting previously unselected package build-essential.
Preparing to unpack .../37-build-essential_12.9ubuntu3_amd64.deb ...
Unpacking build-essential (12.9ubuntu3) ...
Selecting previously unselected package libfakeroot:amd64.
Preparing to unpack .../38-libfakeroot_1.28-1ubuntu1_amd64.deb ...
Unpacking libfakeroot:amd64 (1.28-1ubuntu1) ...
Selecting previously unselected package fakeroot.
Preparing to unpack .../39-fakeroot_1.28-1ubuntu1_amd64.deb ...
Unpacking fakeroot (1.28-1ubuntu1) ...
Selecting previously unselected package fonts-dejavu-core.
Preparing to unpack .../40-fonts-dejavu-core_2.37-2build1_all.deb ...
Unpacking fonts-dejavu-core (2.37-2build1) ...
Selecting previously unselected package fontconfig-config.
Preparing to unpack .../41-fontconfig-config_2.13.1-4.2ubuntu5_all.deb ...
Unpacking fontconfig-config (2.13.1-4.2ubuntu5) ...
Selecting previously unselected package javascript-common.
Preparing to unpack .../42-javascript-common_11+nmu1_all.deb ...
Unpacking javascript-common (11+nmu1) ...
Selecting previously unselected package libalgorithm-diff-perl.
Preparing to unpack .../43-libalgorithm-diff-perl_1.201-1_all.deb ...
Unpacking libalgorithm-diff-perl (1.201-1) ...
Selecting previously unselected package libalgorithm-diff-xs-perl.
Preparing to unpack .../44-libalgorithm-diff-xs-perl_0.04-6build3_amd64.deb ...
Unpacking libalgorithm-diff-xs-perl (0.04-6build3) ...
Selecting previously unselected package libalgorithm-merge-perl.
Preparing to unpack .../45-libalgorithm-merge-perl_0.08-3_all.deb ...
Unpacking libalgorithm-merge-perl (0.08-3) ...
Selecting previously unselected package libfontconfig1:amd64.
Preparing to unpack .../46-libfontconfig1_2.13.1-4.2ubuntu5_amd64.deb ...
Unpacking libfontconfig1:amd64 (2.13.1-4.2ubuntu5) ...
Selecting previously unselected package libjpeg-turbo8:amd64.
Preparing to unpack .../47-libjpeg-turbo8_2.1.2-0ubuntu1_amd64.deb ...
Unpacking libjpeg-turbo8:amd64 (2.1.2-0ubuntu1) ...
Selecting previously unselected package libjpeg8:amd64.
Preparing to unpack .../48-libjpeg8_8c-2ubuntu10_amd64.deb ...
Unpacking libjpeg8:amd64 (8c-2ubuntu10) ...
Selecting previously unselected package libdeflate0:amd64.
Preparing to unpack .../49-libdeflate0_1.10-2_amd64.deb ...
Unpacking libdeflate0:amd64 (1.10-2) ...
Selecting previously unselected package libjbig0:amd64.
Preparing to unpack .../50-libjbig0_2.1-3.1ubuntu0.22.04.1_amd64.deb ...
Unpacking libjbig0:amd64 (2.1-3.1ubuntu0.22.04.1) ...
Selecting previously unselected package libwebp7:amd64.
Preparing to unpack .../51-libwebp7_1.2.2-2ubuntu0.22.04.2_amd64.deb ...
Unpacking libwebp7:amd64 (1.2.2-2ubuntu0.22.04.2) ...
Selecting previously unselected package libtiff5:amd64.
Preparing to unpack .../52-libtiff5_4.3.0-6ubuntu0.6_amd64.deb ...
Unpacking libtiff5:amd64 (4.3.0-6ubuntu0.6) ...
Selecting previously unselected package libxpm4:amd64.
Preparing to unpack .../53-libxpm4_1%3a3.5.12-1ubuntu0.22.04.2_amd64.deb ...
Unpacking libxpm4:amd64 (1:3.5.12-1ubuntu0.22.04.2) ...
Selecting previously unselected package libgd3:amd64.
Preparing to unpack .../54-libgd3_2.3.0-2ubuntu2_amd64.deb ...
Unpacking libgd3:amd64 (2.3.0-2ubuntu2) ...
Selecting previously unselected package libc-devtools.
Preparing to unpack .../55-libc-devtools_2.35-0ubuntu3.4_amd64.deb ...
Unpacking libc-devtools (2.35-0ubuntu3.4) ...
Selecting previously unselected package libexpat1-dev:amd64.
Preparing to unpack .../56-libexpat1-dev_2.4.7-1ubuntu0.2_amd64.deb ...
Unpacking libexpat1-dev:amd64 (2.4.7-1ubuntu0.2) ...
Selecting previously unselected package libfile-fcntllock-perl.
Preparing to unpack .../57-libfile-fcntllock-perl_0.22-3build7_amd64.deb ...
Unpacking libfile-fcntllock-perl (0.22-3build7) ...
Selecting previously unselected package libjs-jquery.
Preparing to unpack .../58-libjs-jquery_3.6.0+dfsg+~3.5.13-1_all.deb ...
Unpacking libjs-jquery (3.6.0+dfsg+~3.5.13-1) ...
Selecting previously unselected package libjs-underscore.
Preparing to unpack .../59-libjs-underscore_1.13.2~dfsg-2_all.deb ...
Unpacking libjs-underscore (1.13.2~dfsg-2) ...
Selecting previously unselected package libjs-sphinxdoc.
Preparing to unpack .../60-libjs-sphinxdoc_4.3.2-1_all.deb ...
Unpacking libjs-sphinxdoc (4.3.2-1) ...
Selecting previously unselected package zlib1g-dev:amd64.
Preparing to unpack .../61-zlib1g-dev_1%3a1.2.11.dfsg-2ubuntu9.2_amd64.deb ...
Unpacking zlib1g-dev:amd64 (1:1.2.11.dfsg-2ubuntu9.2) ...
Selecting previously unselected package libpython3.10-dev:amd64.
Preparing to unpack .../62-libpython3.10-dev_3.10.12-1~22.04.2_amd64.deb ...
Unpacking libpython3.10-dev:amd64 (3.10.12-1~22.04.2) ...
Selecting previously unselected package libpython3-dev:amd64.
Preparing to unpack .../63-libpython3-dev_3.10.6-1~22.04_amd64.deb ...
Unpacking libpython3-dev:amd64 (3.10.6-1~22.04) ...
Selecting previously unselected package manpages-dev.
Preparing to unpack .../64-manpages-dev_5.10-1ubuntu1_all.deb ...
Unpacking manpages-dev (5.10-1ubuntu1) ...
Selecting previously unselected package python3.10-dev.
Preparing to unpack .../65-python3.10-dev_3.10.12-1~22.04.2_amd64.deb ...
Unpacking python3.10-dev (3.10.12-1~22.04.2) ...
Selecting previously unselected package python3-dev.
Preparing to unpack .../66-python3-dev_3.10.6-1~22.04_amd64.deb ...
Unpacking python3-dev (3.10.6-1~22.04) ...
Selecting previously unselected package python3-wheel.
Preparing to unpack .../67-python3-wheel_0.37.1-2ubuntu0.22.04.1_all.deb ...
Unpacking python3-wheel (0.37.1-2ubuntu0.22.04.1) ...
Selecting previously unselected package python3-pip.
Preparing to unpack .../68-python3-pip_22.0.2+dfsg-1ubuntu0.4_all.deb ...
Unpacking python3-pip (22.0.2+dfsg-1ubuntu0.4) ...
Setting up javascript-common (11+nmu1) ...
Setting up gcc-11-base:amd64 (11.4.0-1ubuntu1~22.04) ...
Setting up manpages-dev (5.10-1ubuntu1) ...
Setting up lto-disabled-list (24) ...
Setting up libxpm4:amd64 (1:3.5.12-1ubuntu0.22.04.2) ...
Setting up libfile-fcntllock-perl (0.22-3build7) ...
Setting up libalgorithm-diff-perl (1.201-1) ...
Setting up libdeflate0:amd64 (1.10-2) ...
Setting up linux-libc-dev:amd64 (5.15.0-88.98) ...
Setting up libgomp1:amd64 (12.3.0-1ubuntu1~22.04) ...
Setting up bzip2 (1.0.8-5build1) ...
Setting up python3-wheel (0.37.1-2ubuntu0.22.04.1) ...
Setting up libjbig0:amd64 (2.1-3.1ubuntu0.22.04.1) ...
Setting up libfakeroot:amd64 (1.28-1ubuntu1) ...
Setting up libasan6:amd64 (11.4.0-1ubuntu1~22.04) ...
Setting up fakeroot (1.28-1ubuntu1) ...
update-alternatives: using /usr/bin/fakeroot-sysv to provide /usr/bin/fakeroot (fakeroot) in auto mode
Setting up libtirpc-dev:amd64 (1.3.2-2ubuntu0.1) ...
Setting up rpcsvc-proto (1.4.2-0ubuntu6) ...
Setting up make (4.3-4.1build1) ...
Setting up libquadmath0:amd64 (12.3.0-1ubuntu1~22.04) ...
Setting up libmpc3:amd64 (1.2.1-2build1) ...
Setting up libatomic1:amd64 (12.3.0-1ubuntu1~22.04) ...
Setting up libpython3.10-minimal:amd64 (3.10.12-1~22.04.2) ...
Setting up fonts-dejavu-core (2.37-2build1) ...
Setting up python3-pip (22.0.2+dfsg-1ubuntu0.4) ...
Setting up libjpeg-turbo8:amd64 (2.1.2-0ubuntu1) ...
Setting up libdpkg-perl (1.21.1ubuntu2.2) ...
Setting up libwebp7:amd64 (1.2.2-2ubuntu0.22.04.2) ...
Setting up libubsan1:amd64 (12.3.0-1ubuntu1~22.04) ...
Setting up libnsl-dev:amd64 (1.3.0-2build2) ...
Setting up libcrypt-dev:amd64 (1:4.4.27-1) ...
Setting up libjs-jquery (3.6.0+dfsg+~3.5.13-1) ...
Setting up libisl23:amd64 (0.24-2build1) ...
Setting up libc-dev-bin (2.35-0ubuntu3.4) ...
Setting up libalgorithm-diff-xs-perl (0.04-6build3) ...
Setting up libcc1-0:amd64 (12.3.0-1ubuntu1~22.04) ...
Setting up liblsan0:amd64 (12.3.0-1ubuntu1~22.04) ...
Setting up libitm1:amd64 (12.3.0-1ubuntu1~22.04) ...
Setting up libjs-underscore (1.13.2~dfsg-2) ...
Setting up libalgorithm-merge-perl (0.08-3) ...
Setting up libtsan0:amd64 (11.4.0-1ubuntu1~22.04) ...
Setting up libjpeg8:amd64 (8c-2ubuntu10) ...
Setting up cpp-11 (11.4.0-1ubuntu1~22.04) ...
Setting up fontconfig-config (2.13.1-4.2ubuntu5) ...
Setting up python3.10-minimal (3.10.12-1~22.04.2) ...
Setting up dpkg-dev (1.21.1ubuntu2.2) ...
Setting up libpython3.10-stdlib:amd64 (3.10.12-1~22.04.2) ...
Setting up libjs-sphinxdoc (4.3.2-1) ...
Setting up libgcc-11-dev:amd64 (11.4.0-1ubuntu1~22.04) ...
Setting up gcc-11 (11.4.0-1ubuntu1~22.04) ...
Setting up cpp (4:11.2.0-1ubuntu1) ...
Setting up libc6-dev:amd64 (2.35-0ubuntu3.4) ...
Setting up libtiff5:amd64 (4.3.0-6ubuntu0.6) ...
Setting up libfontconfig1:amd64 (2.13.1-4.2ubuntu5) ...
Setting up libpython3.10:amd64 (3.10.12-1~22.04.2) ...
Setting up python3.10 (3.10.12-1~22.04.2) ...
Setting up gcc (4:11.2.0-1ubuntu1) ...
Setting up libexpat1-dev:amd64 (2.4.7-1ubuntu0.2) ...
Setting up libgd3:amd64 (2.3.0-2ubuntu2) ...
Setting up libstdc++-11-dev:amd64 (11.4.0-1ubuntu1~22.04) ...
Setting up zlib1g-dev:amd64 (1:1.2.11.dfsg-2ubuntu9.2) ...
Setting up libc-devtools (2.35-0ubuntu3.4) ...
Setting up g++-11 (11.4.0-1ubuntu1~22.04) ...
Setting up libpython3.10-dev:amd64 (3.10.12-1~22.04.2) ...
Setting up python3.10-dev (3.10.12-1~22.04.2) ...
Setting up g++ (4:11.2.0-1ubuntu1) ...
update-alternatives: using /usr/bin/g++ to provide /usr/bin/c++ (c++) in auto mode
Setting up build-essential (12.9ubuntu3) ...
Setting up libpython3-dev:amd64 (3.10.6-1~22.04) ...
Setting up python3-dev (3.10.6-1~22.04) ...
Processing triggers for man-db (2.10.2-1) ...
Processing triggers for libc-bin (2.35-0ubuntu3.1) ...
Scanning processes...                                                                                       
Scanning candidates...                                                                                      
Scanning linux images...                                                                                    

Running kernel seems to be up-to-date.

Restarting services...
Service restarts being deferred:
 systemctl restart acpid.service
 systemctl restart chrony.service
 systemctl restart cron.service
 /etc/needrestart/restart.d/dbus.service
 systemctl restart getty@tty1.service
 systemctl restart irqbalance.service
 systemctl restart multipathd.service
 systemctl restart networkd-dispatcher.service
 systemctl restart packagekit.service
 systemctl restart polkit.service
 systemctl restart rsyslog.service
 systemctl restart serial-getty@ttyS0.service
 systemctl restart snapd.service
 systemctl restart ssh.service
 systemctl restart systemd-journald.service
 systemctl restart systemd-logind.service
 systemctl restart systemd-networkd.service
 systemctl restart systemd-resolved.service
 systemctl restart systemd-udevd.service
 systemctl restart unattended-upgrades.service
 systemctl restart user@1000.service

No containers need to be restarted.

No user sessions are running outdated binaries.

No VM guests are running outdated hypervisor (qemu) binaries on this host.
ubuntu@ip-172-26-8-246:~/projects/advanced-database/alpha/topic-08-server$ sudo apt install python3-pip -y
Reading package lists... Done
Building dependency tree... Done
Reading state information... Done
python3-pip is already the newest version (22.0.2+dfsg-1ubuntu0.4).
0 upgraded, 0 newly installed, 0 to remove and 158 not upgraded.
ubuntu@ip-172-26-8-246:~/projects/advanced-database/alpha/topic-08-server$ pip install pymongo
Defaulting to user installation because normal site-packages is not writeable
Collecting pymongo
  Downloading pymongo-4.6.0-cp310-cp310-manylinux_2_17_x86_64.manylinux2014_x86_64.whl (677 kB)
     ━━━━━━━━━━━━━━━━━━━━━━━━━━━━━━━━━━━━━━━━ 677.1/677.1 KB 3.7 MB/s eta 0:00:00
Collecting dnspython<3.0.0,>=1.16.0
  Downloading dnspython-2.4.2-py3-none-any.whl (300 kB)
     ━━━━━━━━━━━━━━━━━━━━━━━━━━━━━━━━━━━━━━━━ 300.4/300.4 KB 2.9 MB/s eta 0:00:00
Installing collected packages: dnspython, pymongo
Successfully installed dnspython-2.4.2 pymongo-4.6.0
ubuntu@ip-172-26-8-246:~/projects/advanced-database/alpha/topic-08-server$ sudo pip install pymongo
Collecting pymongo
  Downloading pymongo-4.6.0-cp310-cp310-manylinux_2_17_x86_64.manylinux2014_x86_64.whl (677 kB)
     ━━━━━━━━━━━━━━━━━━━━━━━━━━━━━━━━━━━━━━━━ 677.1/677.1 KB 3.4 MB/s eta 0:00:00
Collecting dnspython<3.0.0,>=1.16.0
  Downloading dnspython-2.4.2-py3-none-any.whl (300 kB)
     ━━━━━━━━━━━━━━━━━━━━━━━━━━━━━━━━━━━━━━━━ 300.4/300.4 KB 2.4 MB/s eta 0:00:00
Installing collected packages: dnspython, pymongo
Successfully installed dnspython-2.4.2 pymongo-4.6.0
WARNING: Running pip as the 'root' user can result in broken permissions and conflicting behaviour with the system package manager. It is recommended to use a virtual environment instead: https://pip.pypa.io/warnings/venv
ubuntu@ip-172-26-8-246:~/projects/advanced-database/alpha/topic-08-server$ python test_connection.py
^CTraceback (most recent call last):
  File "/home/ubuntu/projects/advanced-database/alpha/topic-08-server/test_connection.py", line 14, in <module>
    client.admin.command('ping')
  File "/home/ubuntu/.local/lib/python3.10/site-packages/pymongo/_csot.py", line 107, in csot_wrapper
    return func(self, *args, **kwargs)
  File "/home/ubuntu/.local/lib/python3.10/site-packages/pymongo/database.py", line 890, in command
    with self.__client._conn_for_reads(read_preference, session) as (
  File "/home/ubuntu/.local/lib/python3.10/site-packages/pymongo/mongo_client.py", line 1346, in _conn_for_reads
    server = self._select_server(read_preference, session)
  File "/home/ubuntu/.local/lib/python3.10/site-packages/pymongo/mongo_client.py", line 1303, in _select_server
    server = topology.select_server(server_selector)
  File "/home/ubuntu/.local/lib/python3.10/site-packages/pymongo/topology.py", line 302, in select_server
    server = self._select_server(selector, server_selection_timeout, address)
  File "/home/ubuntu/.local/lib/python3.10/site-packages/pymongo/topology.py", line 286, in _select_server
    servers = self.select_servers(selector, server_selection_timeout, address)
  File "/home/ubuntu/.local/lib/python3.10/site-packages/pymongo/topology.py", line 237, in select_servers
    server_descriptions = self._select_servers_loop(selector, server_timeout, address)
  File "/home/ubuntu/.local/lib/python3.10/site-packages/pymongo/topology.py", line 270, in _select_servers_loop
    self._condition.wait(common.MIN_HEARTBEAT_INTERVAL)
  File "/usr/lib/python3.10/threading.py", line 324, in wait
    gotit = waiter.acquire(True, timeout)
KeyboardInterrupt

ubuntu@ip-172-26-8-246:~/projects/advanced-database/alpha/topic-08-server$ 
ubuntu@ip-172-26-8-246:~/projects/advanced-database/alpha/topic-08-server$ 
ubuntu@ip-172-26-8-246:~/projects/advanced-database/alpha/topic-08-server$ 
ubuntu@ip-172-26-8-246:~/projects/advanced-database/alpha/topic-08-server$ 
ubuntu@ip-172-26-8-246:~/projects/advanced-database/alpha/topic-08-server$ 
ubuntu@ip-172-26-8-246:~/projects/advanced-database/alpha/topic-08-server$ PS1="$ "
$ sudo apt update
Hit:1 http://us-east-2.ec2.archive.ubuntu.com/ubuntu jammy InRelease
Hit:2 http://us-east-2.ec2.archive.ubuntu.com/ubuntu jammy-updates InRelease
Hit:3 http://us-east-2.ec2.archive.ubuntu.com/ubuntu jammy-backports InRelease
Get:4 http://security.ubuntu.com/ubuntu jammy-security InRelease [110 kB]
Fetched 110 kB in 1s (162 kB/s)                            
Reading package lists... Done
Building dependency tree... Done
Reading state information... Done
158 packages can be upgraded. Run 'apt list --upgradable' to see them.
$ sudo apt-get install gnupg curl
Reading package lists... Done
Building dependency tree... Done
Reading state information... Done
gnupg is already the newest version (2.2.27-3ubuntu2.1).
gnupg set to manually installed.
The following packages will be upgraded:
  curl libcurl4
2 upgraded, 0 newly installed, 0 to remove and 156 not upgraded.
Need to get 484 kB of archives.
After this operation, 6144 B of additional disk space will be used.
Get:1 http://us-east-2.ec2.archive.ubuntu.com/ubuntu jammy-updates/main amd64 curl amd64 7.81.0-1ubuntu1.14 [194 kB]
Get:2 http://us-east-2.ec2.archive.ubuntu.com/ubuntu jammy-updates/main amd64 libcurl4 amd64 7.81.0-1ubuntu1.14 [290 kB]
Fetched 484 kB in 0s (16.7 MB/s)  
(Reading database ... 70400 files and directories currently installed.)
Preparing to unpack .../curl_7.81.0-1ubuntu1.14_amd64.deb ...
Unpacking curl (7.81.0-1ubuntu1.14) over (7.81.0-1ubuntu1.7) ...
Preparing to unpack .../libcurl4_7.81.0-1ubuntu1.14_amd64.deb ...
Unpacking libcurl4:amd64 (7.81.0-1ubuntu1.14) over (7.81.0-1ubuntu1.7) ...
Setting up libcurl4:amd64 (7.81.0-1ubuntu1.14) ...
Setting up curl (7.81.0-1ubuntu1.14) ...
Processing triggers for man-db (2.10.2-1) ...
Processing triggers for libc-bin (2.35-0ubuntu3.1) ...
Scanning processes...                                                                                       
Scanning candidates...                                                                                      
Scanning linux images...                                                                                    

Running kernel seems to be up-to-date.

Restarting services...
Service restarts being deferred:
 systemctl restart acpid.service
 systemctl restart chrony.service
 systemctl restart cron.service
 /etc/needrestart/restart.d/dbus.service
 systemctl restart getty@tty1.service
 systemctl restart irqbalance.service
 systemctl restart multipathd.service
 systemctl restart networkd-dispatcher.service
 systemctl restart packagekit.service
 systemctl restart polkit.service
 systemctl restart rsyslog.service
 systemctl restart serial-getty@ttyS0.service
 systemctl restart snapd.service
 systemctl restart ssh.service
 systemctl restart systemd-journald.service
 systemctl restart systemd-logind.service
 systemctl restart systemd-networkd.service
 systemctl restart systemd-resolved.service
 systemctl restart systemd-udevd.service
 systemctl restart unattended-upgrades.service
 systemctl restart user@1000.service

No containers need to be restarted.

No user sessions are running outdated binaries.

No VM guests are running outdated hypervisor (qemu) binaries on this host.
$ sudo apt-get install gnupg curl -y
Reading package lists... Done
Building dependency tree... Done
Reading state information... Done
curl is already the newest version (7.81.0-1ubuntu1.14).
gnupg is already the newest version (2.2.27-3ubuntu2.1).
0 upgraded, 0 newly installed, 0 to remove and 156 not upgraded.
$ curl -fsSL https://pgp.mongodb.com/server-7.0.asc \| \
--
sudo gpg -o /usr/share/keyrings/mongodb-server-7.0.gpg \
--dearmor
-----BEGIN PGP PUBLIC KEY BLOCK-----
Version: GnuPG v1

mQINBGPILWABEACqeWP/ktugdlWEyk7YTXo3n19+5Om4AlSdIyKv49vAlKtzCfMA
QkZq3mfvjXiKMuLnL2VeElAJQIYcPoqnHf6tJbdrNv4AX2uI1cTsvGW7YS/2WNwJ
C/+vBa4o+yA2CG/MVWZRbtOjkFF/W07yRFtNHAcgdmpIjdWgSnPQr9eIqLuWXIhy
H7EerKsba227Vd/HfvKnAy30Unlsdywy7wi1FupzGJck0TPoOVGmsSpSyIQu9A4Z
uC6TE/NcJHvaN0JuHwM+bQo9oWirGsZ1NCoVqSY8/sasdUc7T9r90MbUcH674YAR
8OKYVBzU0wch4VTFhfHZecKHQnZf+V4dmP9oXnu4fY0/0w3l4jaew7Ind7kPg3yN
hvgAkBK8yRAbSu1NOtHDNiRoHGEQFgct6trVOvCqHbN/VToLNtGk0rhKGOp8kuSF
OJ02PJPxF3/zHGP8n8khCjUJcrilYPqRghZC8ZWnCj6GJVg6WjwLi+hPwNMi8xK6
cjKhRW3eCy5Wcn73PzVBX9f7fSeFDJec+IfS47eNkxunHAOUMXa2+D+1xSWgEfK0
PClfyWPgLIXY2pGQ6v8l3A6P5gJv4o38/E1h1RTcO3H1Z6cgZLIORZHPyAj50SPQ
cjzftEcz56Pl/Cyw3eMYC3qlbABBgsdeb6KB6G5dkNxI4or3MgmxcwfnkwARAQAB
tDdNb25nb0RCIDcuMCBSZWxlYXNlIFNpZ25pbmcgS2V5IDxwYWNrYWdpbmdAbW9u
Z29kYi5jb20+iQI+BBMBAgAoBQJjyC1gAhsDBQkJZgGABgsJCAcDAgYVCAIJCgsE
FgIDAQIeAQIXgAAKCRAWDSa7F4W6OM+eD/sE7KbJyRNWyPCRTqqJXrXvyPqZtbFX
8sio0lQ8ghn4f7lmb7LnFroUsmBeWaYirM8O3b2+iQ9oj4GeR3gbRZsEhFXQfL54
SfrmG9hrWWpJllgPP7Six+jrzcjvkf1TENqw4jRP+cJhuihH1Gfizo9ktwwoN9Yr
m7vgh+focEEmx8dysS38ApLxKlUEfTsE9bYsClgqyY1yrt3v4IpGbf66yfyBHNgY
sObR3sngDRVbap7PwNyREGsuAFfKr/Dr37HfrjY7nsn3vH7hbDpSBh+H7a0b/chS
mM60aaG4biWpvmSC7uxA/t0gz+NQuC4HL+qyNPUxvyIO+TwlaXfCI6ixazyrH+1t
F7Bj5mVsne7oeWjRrSz85jK3Tpn9tj3Fa7PCDA6auAlPK8Upbhuoajev4lIydNd2
70yO0idm/FtpX5a8Ck7KSHDvEnXpN70imayoB4Fs2Kigi2BdZOOdib16o5F/9cx9
piNa7HotHCLTfR6xRmelGEPWKspU1Sm7u2A5vWgjfSab99hiNQ89n+I7BcK1M3R1
w/ckl6qBtcxz4Py+7jYIJL8BYz2tdreWbdzWzjv+XQ8ZgOaMxhL9gtlfyYqeGfnp
hYW8LV7a9pavxV2tLuVjMM+05ut/d38IkTV7OSJgisbSGcmycXIzxsipyXJVGMZt
MFw3quqJhQMRsA==
=gbRM
-----END PGP PUBLIC KEY BLOCK-----
curl: (6) Could not resolve host: |
^C
gpg: signal 2 caught ... exiting

$ ^[[200~curl -fsSL https://pgp.mongodb.com/server-7.0.asc \| \
> --
curl: command not found
$ sudo gpg -o /usr/share/keyrings/mongodb-server-7.0.gpg \
> ^C
$ curl -fsSL https://pgp.mongodb.com/server-7.0.asc \| \
--
sudo gpg -o /usr/share/keyrings/mongodb-server-7.0.gpg \
--dearmor
-----BEGIN PGP PUBLIC KEY BLOCK-----
Version: GnuPG v1

mQINBGPILWABEACqeWP/ktugdlWEyk7YTXo3n19+5Om4AlSdIyKv49vAlKtzCfMA
QkZq3mfvjXiKMuLnL2VeElAJQIYcPoqnHf6tJbdrNv4AX2uI1cTsvGW7YS/2WNwJ
C/+vBa4o+yA2CG/MVWZRbtOjkFF/W07yRFtNHAcgdmpIjdWgSnPQr9eIqLuWXIhy
H7EerKsba227Vd/HfvKnAy30Unlsdywy7wi1FupzGJck0TPoOVGmsSpSyIQu9A4Z
uC6TE/NcJHvaN0JuHwM+bQo9oWirGsZ1NCoVqSY8/sasdUc7T9r90MbUcH674YAR
8OKYVBzU0wch4VTFhfHZecKHQnZf+V4dmP9oXnu4fY0/0w3l4jaew7Ind7kPg3yN
hvgAkBK8yRAbSu1NOtHDNiRoHGEQFgct6trVOvCqHbN/VToLNtGk0rhKGOp8kuSF
OJ02PJPxF3/zHGP8n8khCjUJcrilYPqRghZC8ZWnCj6GJVg6WjwLi+hPwNMi8xK6
cjKhRW3eCy5Wcn73PzVBX9f7fSeFDJec+IfS47eNkxunHAOUMXa2+D+1xSWgEfK0
PClfyWPgLIXY2pGQ6v8l3A6P5gJv4o38/E1h1RTcO3H1Z6cgZLIORZHPyAj50SPQ
cjzftEcz56Pl/Cyw3eMYC3qlbABBgsdeb6KB6G5dkNxI4or3MgmxcwfnkwARAQAB
tDdNb25nb0RCIDcuMCBSZWxlYXNlIFNpZ25pbmcgS2V5IDxwYWNrYWdpbmdAbW9u
Z29kYi5jb20+iQI+BBMBAgAoBQJjyC1gAhsDBQkJZgGABgsJCAcDAgYVCAIJCgsE
FgIDAQIeAQIXgAAKCRAWDSa7F4W6OM+eD/sE7KbJyRNWyPCRTqqJXrXvyPqZtbFX
8sio0lQ8ghn4f7lmb7LnFroUsmBeWaYirM8O3b2+iQ9oj4GeR3gbRZsEhFXQfL54
SfrmG9hrWWpJllgPP7Six+jrzcjvkf1TENqw4jRP+cJhuihH1Gfizo9ktwwoN9Yr
m7vgh+focEEmx8dysS38ApLxKlUEfTsE9bYsClgqyY1yrt3v4IpGbf66yfyBHNgY
sObR3sngDRVbap7PwNyREGsuAFfKr/Dr37HfrjY7nsn3vH7hbDpSBh+H7a0b/chS
mM60aaG4biWpvmSC7uxA/t0gz+NQuC4HL+qyNPUxvyIO+TwlaXfCI6ixazyrH+1t
F7Bj5mVsne7oeWjRrSz85jK3Tpn9tj3Fa7PCDA6auAlPK8Upbhuoajev4lIydNd2
70yO0idm/FtpX5a8Ck7KSHDvEnXpN70imayoB4Fs2Kigi2BdZOOdib16o5F/9cx9
piNa7HotHCLTfR6xRmelGEPWKspU1Sm7u2A5vWgjfSab99hiNQ89n+I7BcK1M3R1
w/ckl6qBtcxz4Py+7jYIJL8BYz2tdreWbdzWzjv+XQ8ZgOaMxhL9gtlfyYqeGfnp
hYW8LV7a9pavxV2tLuVjMM+05ut/d38IkTV7OSJgisbSGcmycXIzxsipyXJVGMZt
MFw3quqJhQMRsA==
=gbRM
-----END PGP PUBLIC KEY BLOCK-----
curl: (6) Could not resolve host: |
File '/usr/share/keyrings/mongodb-server-7.0.gpg' exists. Overwrite? (y/N) y

^C
gpg: signal 2 caught ... exiting

$ curl -fsSL https://pgp.mongodb.com/server-7.0.asc \| \
--sudo gpg -o /usr/share/keyrings/mongodb-server-7.0.gpg \
--dearmor
curl: option --sudo: is unknown
curl: try 'curl --help' or 'curl --manual' for more information
$ curl -fsSL https://pgp.mongodb.com/server-7.0.asc | \
   sudo gpg -o /usr/share/keyrings/mongodb-server-7.0.gpg \
   --dearmor
File '/usr/share/keyrings/mongodb-server-7.0.gpg' exists. Overwrite? (y/N) Y
$ curl -fsSL https://pgp.mongodb.com/server-7.0.asc \| \
--sudo gpg -o /usr/share/keyrings/mongodb-server-7.0.gpg \
--dearmor
curl: option --sudo: is unknown
curl: try 'curl --help' or 'curl --manual' for more information
$ curl -fsSL https://pgp.mongodb.com/server-7.0.asc \| \
sudo gpg -o /usr/share/keyrings/mongodb-server-7.0.gpg \
--dearmor
curl: option --dearmor: is unknown
curl: try 'curl --help' or 'curl --manual' for more information
$ curl -fsSL https://pgp.mongodb.com/server-7.0.asc | \
   sudo gpg -o /usr/share/keyrings/mongodb-server-7.0.gpg \
   --dearmor
File '/usr/share/keyrings/mongodb-server-7.0.gpg' exists. Overwrite? (y/N) Y
$ echo "deb [ arch=amd64,arm64 signed-by=/usr/share/keyrings/mongodb-server-7.0.gpg ] https://repo.mongodb.org/apt/ubuntu jammy/mongodb-org/7.0 multiverse" | sudo tee /etc/apt/sources.list.d/mongodb-org-7.0.list
deb [ arch=amd64,arm64 signed-by=/usr/share/keyrings/mongodb-server-7.0.gpg ] https://repo.mongodb.org/apt/ubuntu jammy/mongodb-org/7.0 multiverse
$ sudo apt-get update
Hit:1 http://us-east-2.ec2.archive.ubuntu.com/ubuntu jammy InRelease
Hit:2 http://us-east-2.ec2.archive.ubuntu.com/ubuntu jammy-updates InRelease                 
Hit:3 http://us-east-2.ec2.archive.ubuntu.com/ubuntu jammy-backports InRelease               
Hit:4 http://security.ubuntu.com/ubuntu jammy-security InRelease                                
Ign:5 https://repo.mongodb.org/apt/ubuntu jammy/mongodb-org/7.0 InRelease                       
Get:6 https://repo.mongodb.org/apt/ubuntu jammy/mongodb-org/7.0 Release [2090 B]
Get:7 https://repo.mongodb.org/apt/ubuntu jammy/mongodb-org/7.0 Release.gpg [866 B]
Get:8 https://repo.mongodb.org/apt/ubuntu jammy/mongodb-org/7.0/multiverse arm64 Packages [16.1 kB]
Get:9 https://repo.mongodb.org/apt/ubuntu jammy/mongodb-org/7.0/multiverse amd64 Packages [17.1 kB]
Fetched 36.1 kB in 1s (40.7 kB/s)  
Reading package lists... Done
$ sudo apt-get install -y mongodb-org
Reading package lists... Done
Building dependency tree... Done
Reading state information... Done
The following additional packages will be installed:
  mongodb-database-tools mongodb-mongosh mongodb-org-database mongodb-org-database-tools-extra
  mongodb-org-mongos mongodb-org-server mongodb-org-shell mongodb-org-tools
The following NEW packages will be installed:
  mongodb-database-tools mongodb-mongosh mongodb-org mongodb-org-database mongodb-org-database-tools-extra
  mongodb-org-mongos mongodb-org-server mongodb-org-shell mongodb-org-tools
0 upgraded, 9 newly installed, 0 to remove and 156 not upgraded.
Need to get 162 MB of archives.
After this operation, 530 MB of additional disk space will be used.
Get:1 https://repo.mongodb.org/apt/ubuntu jammy/mongodb-org/7.0/multiverse amd64 mongodb-database-tools amd64 100.9.1 [52.0 MB]
Get:2 https://repo.mongodb.org/apt/ubuntu jammy/mongodb-org/7.0/multiverse amd64 mongodb-mongosh amd64 2.0.2 [47.9 MB]
Get:3 https://repo.mongodb.org/apt/ubuntu jammy/mongodb-org/7.0/multiverse amd64 mongodb-org-shell amd64 7.0.3 [2984 B]
Get:4 https://repo.mongodb.org/apt/ubuntu jammy/mongodb-org/7.0/multiverse amd64 mongodb-org-server amd64 7.0.3 [36.4 MB]
Get:5 https://repo.mongodb.org/apt/ubuntu jammy/mongodb-org/7.0/multiverse amd64 mongodb-org-mongos amd64 7.0.3 [25.4 MB]
Get:6 https://repo.mongodb.org/apt/ubuntu jammy/mongodb-org/7.0/multiverse amd64 mongodb-org-database-tools-extra amd64 7.0.3 [7760 B]
Get:7 https://repo.mongodb.org/apt/ubuntu jammy/mongodb-org/7.0/multiverse amd64 mongodb-org-database amd64 7.0.3 [3424 B]
Get:8 https://repo.mongodb.org/apt/ubuntu jammy/mongodb-org/7.0/multiverse amd64 mongodb-org-tools amd64 7.0.3 [2768 B]
Get:9 https://repo.mongodb.org/apt/ubuntu jammy/mongodb-org/7.0/multiverse amd64 mongodb-org amd64 7.0.3 [2802 B]
Fetched 162 MB in 8s (21.1 MB/s)                                                                           
Selecting previously unselected package mongodb-database-tools.
(Reading database ... 70400 files and directories currently installed.)
Preparing to unpack .../0-mongodb-database-tools_100.9.1_amd64.deb ...
Unpacking mongodb-database-tools (100.9.1) ...
Selecting previously unselected package mongodb-mongosh.
Preparing to unpack .../1-mongodb-mongosh_2.0.2_amd64.deb ...
Unpacking mongodb-mongosh (2.0.2) ...
Selecting previously unselected package mongodb-org-shell.
Preparing to unpack .../2-mongodb-org-shell_7.0.3_amd64.deb ...
Unpacking mongodb-org-shell (7.0.3) ...
Selecting previously unselected package mongodb-org-server.
Preparing to unpack .../3-mongodb-org-server_7.0.3_amd64.deb ...
Unpacking mongodb-org-server (7.0.3) ...
Selecting previously unselected package mongodb-org-mongos.
Preparing to unpack .../4-mongodb-org-mongos_7.0.3_amd64.deb ...
Unpacking mongodb-org-mongos (7.0.3) ...
Selecting previously unselected package mongodb-org-database-tools-extra.
Preparing to unpack .../5-mongodb-org-database-tools-extra_7.0.3_amd64.deb ...
Unpacking mongodb-org-database-tools-extra (7.0.3) ...
Selecting previously unselected package mongodb-org-database.
Preparing to unpack .../6-mongodb-org-database_7.0.3_amd64.deb ...
Unpacking mongodb-org-database (7.0.3) ...
Selecting previously unselected package mongodb-org-tools.
Preparing to unpack .../7-mongodb-org-tools_7.0.3_amd64.deb ...
Unpacking mongodb-org-tools (7.0.3) ...
Selecting previously unselected package mongodb-org.
Preparing to unpack .../8-mongodb-org_7.0.3_amd64.deb ...
Unpacking mongodb-org (7.0.3) ...
Setting up mongodb-mongosh (2.0.2) ...
Setting up mongodb-org-server (7.0.3) ...
Adding system user `mongodb' (UID 115) ...
Adding new user `mongodb' (UID 115) with group `nogroup' ...
Not creating home directory `/home/mongodb'.
Adding group `mongodb' (GID 122) ...
Done.
Adding user `mongodb' to group `mongodb' ...
Adding user mongodb to group mongodb
Done.
Setting up mongodb-org-shell (7.0.3) ...
Setting up mongodb-database-tools (100.9.1) ...
Setting up mongodb-org-mongos (7.0.3) ...
Setting up mongodb-org-database-tools-extra (7.0.3) ...
Setting up mongodb-org-database (7.0.3) ...
Setting up mongodb-org-tools (7.0.3) ...
Setting up mongodb-org (7.0.3) ...
Processing triggers for man-db (2.10.2-1) ...
Scanning processes...                                                                                       
Scanning candidates...                                                                                      
Scanning linux images...                                                                                    

Running kernel seems to be up-to-date.

Restarting services...
Service restarts being deferred:
 systemctl restart acpid.service
 systemctl restart chrony.service
 systemctl restart cron.service
 /etc/needrestart/restart.d/dbus.service
 systemctl restart getty@tty1.service
 systemctl restart irqbalance.service
 systemctl restart multipathd.service
 systemctl restart networkd-dispatcher.service
 systemctl restart packagekit.service
 systemctl restart polkit.service
 systemctl restart rsyslog.service
 systemctl restart serial-getty@ttyS0.service
 systemctl restart snapd.service
 systemctl restart ssh.service
 systemctl restart systemd-journald.service
 systemctl restart systemd-logind.service
 systemctl restart systemd-networkd.service
 systemctl restart systemd-resolved.service
 systemctl restart systemd-udevd.service
 systemctl restart unattended-upgrades.service
 systemctl restart user@1000.service

No containers need to be restarted.

No user sessions are running outdated binaries.

No VM guests are running outdated hypervisor (qemu) binaries on this host.
$ sudo apt-get install -y mongodb-org 
Reading package lists... Done
Building dependency tree... Done
Reading state information... Done
mongodb-org is already the newest version (7.0.3).
0 upgraded, 0 newly installed, 0 to remove and 156 not upgraded.
$ sudo systemctl status mongod 
○ mongod.service - MongoDB Database Server
     Loaded: loaded (/lib/systemd/system/mongod.service; disabled; vendor preset: enabled)
     Active: inactive (dead)
       Docs: https://docs.mongodb.org/manual
$ sudo systemctl start mongod
$ sudo systemctl status mongod 
● mongod.service - MongoDB Database Server
     Loaded: loaded (/lib/systemd/system/mongod.service; disabled; vendor preset: enabled)
     Active: active (running) since Wed 2023-11-15 23:30:51 UTC; 3s ago
       Docs: https://docs.mongodb.org/manual
   Main PID: 5236 (mongod)
     Memory: 72.7M
        CPU: 959ms
     CGroup: /system.slice/mongod.service
             └─5236 /usr/bin/mongod --config /etc/mongod.conf

Nov 15 23:30:51 ip-172-26-8-246 systemd[1]: Started MongoDB Database Server.
Nov 15 23:30:51 ip-172-26-8-246 mongod[5236]: {"t":{"$date":"2023-11-15T23:30:51.604Z"},"s":"I",  "c":"CONT>
$ sudo systemctl status mongod --no-pager
● mongod.service - MongoDB Database Server
     Loaded: loaded (/lib/systemd/system/mongod.service; disabled; vendor preset: enabled)
     Active: active (running) since Wed 2023-11-15 23:30:51 UTC; 18s ago
       Docs: https://docs.mongodb.org/manual
   Main PID: 5236 (mongod)
     Memory: 73.2M
        CPU: 1.041s
     CGroup: /system.slice/mongod.service
             └─5236 /usr/bin/mongod --config /etc/mongod.conf

Nov 15 23:30:51 ip-172-26-8-246 systemd[1]: Started MongoDB Database Server.
Nov 15 23:30:51 ip-172-26-8-246 mongod[5236]: {"t":{"$date":"2023-11-15T23:30:51.604Z"},"s":"I",  "c"…alse"}
Hint: Some lines were ellipsized, use -l to show in full.
$ mongosh
Current Mongosh Log ID:	655554da7a5e066e887246e9
Connecting to:		mongodb://127.0.0.1:27017/?directConnection=true&serverSelectionTimeoutMS=2000&appName=mongosh+2.0.2
Using MongoDB:		7.0.3
Using Mongosh:		2.0.2

For mongosh info see: https://docs.mongodb.com/mongodb-shell/


To help improve our products, anonymous usage data is collected and sent to MongoDB periodically (https://www.mongodb.com/legal/privacy-policy).
You can opt-out by running the disableTelemetry() command.

------
   The server generated these startup warnings when booting
   2023-11-15T23:30:52.068+00:00: Using the XFS filesystem is strongly recommended with the WiredTiger storage engine. See http://dochub.mongodb.org/core/prodnotes-filesystem
   2023-11-15T23:30:53.018+00:00: Access control is not enabled for the database. Read and write access to data and configuration is unrestricted
   2023-11-15T23:30:53.018+00:00: vm.max_map_count is too low
------

test> 
(To exit, press Ctrl+C again or Ctrl+D or type .exit)
test> 
$ pwd
/home/ubuntu/projects/advanced-database/alpha/topic-08-server
$ python test_connection.py
Pinged your deployment. You successfully connected to MongoDB!
$ python database.py
testing setup_database()
testing get_items()
testing add_item()
testing delete_item()
testing update_item()
$ python application.py
Traceback (most recent call last):
  File "/home/ubuntu/projects/advanced-database/alpha/topic-08-server/application.py", line 1, in <module>
    from bottle import route, post, run, template, redirect, request
ModuleNotFoundError: No module named 'bottle'
$ pip install bottle
Defaulting to user installation because normal site-packages is not writeable
Collecting bottle
  Downloading bottle-0.12.25-py3-none-any.whl (90 kB)
     ━━━━━━━━━━━━━━━━━━━━━━━━━━━━━━━━━━━━━━━━ 90.2/90.2 KB 2.2 MB/s eta 0:00:00
Installing collected packages: bottle
Successfully installed bottle-0.12.25
$ python application.py
Bottle v0.12.25 server starting up (using WSGIRefServer())...
Listening on http://0.0.0.0:8080/
Hit Ctrl-C to quit.

75.187.216.85 - - [15/Nov/2023 23:35:42] "GET / HTTP/1.1" 303 0
75.187.216.85 - - [15/Nov/2023 23:35:42] "GET /list HTTP/1.1" 200 971
75.187.216.85 - - [15/Nov/2023 23:35:42] "GET /favicon.ico HTTP/1.1" 404 745
^Z
[1]+  Stopped                 python application.py
$ bg
[1]+ python application.py &
$ 75.187.216.85 - - [15/Nov/2023 23:40:05] "GET /list HTTP/1.1" 200 971
75.187.216.85 - - [15/Nov/2023 23:40:08] "GET /list HTTP/1.1" 200 971

$ 
$ cd /etc
$ ls
NetworkManager                 groff               mime.types              rpc
PackageKit                     group               mke2fs.conf             rsyslog.conf
X11                            group-              modprobe.d              rsyslog.d
acpi                           grub.d              modules                 screenrc
adduser.conf                   gshadow             modules-load.d          security
alternatives                   gshadow-            mongod.conf             selinux
apache2                        gss                 mtab                    services
apparmor                       hdparm.conf         multipath               shadow
apparmor.d                     hibinit-config.cfg  multipath.conf          shadow-
apport                         host.conf           nanorc                  shells
apt                            hostname            needrestart             skel
bash.bashrc                    hosts               netconfig               sos
bash_completion                hosts.allow         netplan                 ssh
bash_completion.d              hosts.deny          network                 ssl
bindresvport.blacklist         init.d              networkd-dispatcher     subgid
binfmt.d                       initramfs-tools     networks                subgid-
byobu                          inputrc             newt                    subuid
ca-certificates                iproute2            nftables.conf           subuid-
ca-certificates.conf           iscsi               nsswitch.conf           sudo.conf
ca-certificates.conf.dpkg-old  issue               opt                     sudo_logsrvd.conf
chrony                         issue.net           os-release              sudoers
cloud                          kernel              overlayroot.conf        sudoers.d
console-setup                  kernel-img.conf     overlayroot.local.conf  sysctl.conf
cron.d                         landscape           pam.conf                sysctl.d
cron.daily                     ld.so.cache         pam.d                   systemd
cron.hourly                    ld.so.conf          passwd                  terminfo
cron.monthly                   ld.so.conf.d        passwd-                 timezone
cron.weekly                    ldap                perl                    tmpfiles.d
crontab                        legal               pm                      ubuntu-advantage
cryptsetup-initramfs           libaudit.conf       polkit-1                ucf.conf
crypttab                       libblockdev         pollinate               udev
dbus-1                         libnl-3             ppp                     ufw
debconf.conf                   lighttpd            profile                 update-manager
debian_version                 locale.alias        profile.d               update-motd.d
default                        locale.gen          protocols               update-notifier
deluser.conf                   localtime           python3                 usb_modeswitch.conf
depmod.d                       logcheck            python3.10              usb_modeswitch.d
dhcp                           login.defs          rc0.d                   vim
dpkg                           logrotate.conf      rc1.d                   vmware-tools
e2scrub.conf                   logrotate.d         rc2.d                   vtrgb
ec2_version                    lsb-release         rc3.d                   wgetrc
environment                    lvm                 rc4.d                   xattr.conf
ethertypes                     machine-id          rc5.d                   xdg
fonts                          magic               rc6.d                   zsh_command_not_found
fstab                          magic.mime          rcS.d
fuse.conf                      manpath.config      resolv.conf
gai.conf                       mdadm               rmt
$ 
$ vi mongod.conf
$ sudo vi mongod.conf
$ sudo systemctl restart mongod
$ sudo systemctl status mongod --no-pager
● mongod.service - MongoDB Database Server
     Loaded: loaded (/lib/systemd/system/mongod.service; disabled; vendor preset: enabled)
     Active: active (running) since Wed 2023-11-15 23:43:18 UTC; 12s ago
       Docs: https://docs.mongodb.org/manual
   Main PID: 5354 (mongod)
     Memory: 170.4M
        CPU: 1.481s
     CGroup: /system.slice/mongod.service
             └─5354 /usr/bin/mongod --config /etc/mongod.conf

Nov 15 23:43:18 ip-172-26-8-246 systemd[1]: Started MongoDB Database Server.
Nov 15 23:43:18 ip-172-26-8-246 mongod[5354]: {"t":{"$date":"2023-11-15T23:43:18.424Z"},"s":"I",  "c"…alse"}
Hint: Some lines were ellipsized, use -l to show in full.
$ 
$ 
$ 
$ 75.187.216.85 - - [15/Nov/2023 23:45:44] "GET /list HTTP/1.1" 200 971
75.187.216.85 - - [15/Nov/2023 23:45:53] "GET /list HTTP/1.1" 200 971
75.187.216.85 - - [15/Nov/2023 23:45:57] "GET /list HTTP/1.1" 200 971
75.187.216.85 - - [15/Nov/2023 23:46:02] "GET /list HTTP/1.1" 200 971
75.187.216.85 - - [15/Nov/2023 23:46:03] "GET /list HTTP/1.1" 200 971
75.187.216.85 - - [15/Nov/2023 23:46:07] "GET /list HTTP/1.1" 200 971
75.187.216.85 - - [15/Nov/2023 23:46:21] "GET /list HTTP/1.1" 200 971
75.187.216.85 - - [15/Nov/2023 23:46:22] "GET /list HTTP/1.1" 200 971
131.123.49.228 - - [15/Nov/2023 23:46:27] code 400, message Bad request version ('úú\\x13\\x01\\x13\\x02\\x13\\x03À+À/À,À0Ì©Ì¨À\\x13À\\x14\\x00\\x9c\\x00\\x9d\\x00/\\x005\\x01\\x00\\x06s::\\x00\\x00\\x00')
131.123.49.228 - - [15/Nov/2023 23:46:27] "\x16\x03\x01\x06à\x01\x00\x06Ü\x03\x035äyi#\x01O\x15\x9a§a«©\x04\x86Ô³æ´U\x98Tß[\x12º_\x1d\x9cÔ×É j\x19F5QÐß*n\x0f\x92P4+»BÌfÏ\x9aú±&\x9cz=\x13vVø½\x81\x00 úú\x13\x01\x13\x02\x13\x03À+À/À,À0Ì©Ì¨À\x13À\x14\x00\x9c\x00\x9d\x00/\x005\x01\x00\x06s::\x00\x00\x00" 400 -
131.123.49.228 - - [15/Nov/2023 23:46:27] "GET / HTTP/1.1" 303 0
131.123.49.228 - - [15/Nov/2023 23:46:27] code 400, message Bad request version ('g\\x11Á={uÀï9â<óùå\\x8c\\x97Û\\x98rDñ.')
131.123.49.228 - - [15/Nov/2023 23:46:27] "\x16\x03\x01\x06à\x01\x00\x06Ü\x03\x03\x8c\x0c¿\x1eÑ\x130ËA&b²%\x0dqåª\x07\x0b]\x83Põ0ÏïÛ\x8dÇ#\x01\x0c \x178\x0eeÒ2b\x0c¹Eû7\x06\x87È¢4\x89\x00ü];ÃOñãÊ\x96í\x0f\x94}\x00 ::\x13\x01\x13\x02\x13\x03À+À/À,À0Ì©Ì¨À\x13À\x14\x00\x9c\x00\x9d\x00/\x005\x01\x00\x06s\x9a\x9a\x00\x00Di\x00\x05\x00\x03\x02h2\x00\x0d\x00\x12\x00\x10\x04\x03\x08\x04\x04\x01\x05\x03\x08\x05\x05\x01\x08\x06\x06\x01þ\x0d\x00ú\x00\x00\x01\x00\x01¼\x00 L\x01é\x01bäv\x89\x18\x9d\x91;û?×²¿«ÕkMÓäI\x9f\x1f7\x8e4'/;\x00ÐHÚ\x04\x81¾\x7f.\x80\x9a3nßüt¸76¥\x00Æ,18©\x91\x9e\x87Ì\x83{¬³zK\x90»ûâu¡Ö\x10E\x8dÁxØÜþ\x8a±\x1b\x14IÆ7\x9c´Nÿ@\x0càg.^§n\x8e§4\x0bñxÜTlV\x8a46±áð2À`}\x1e6Vñ\x96¡÷Æü\x055\x87J0=VlDS©\x844\x03\x07ö0¤xÕÆ¬wÀ;C\x9b\x1dùýÄ­äùó\x91éÈð\x86c g\x11Á={uÀï9â<óùå\x8c\x97Û\x98rDñ." 400 -
131.123.49.228 - - [15/Nov/2023 23:46:27] "GET /list HTTP/1.1" 200 971
131.123.49.228 - - [15/Nov/2023 23:46:27] "GET /favicon.ico HTTP/1.1" 404 745
173.88.240.127 - - [15/Nov/2023 23:46:29] code 400, message Bad request version ('\\x00\\x02\\x01\\x00\\x00\\x05\\x00\\x05\\x01\\x00\\x00\\x00\\x00\\x00')
173.88.240.127 - - [15/Nov/2023 23:46:29] "\x16\x03\x01\x02\x00\x01\x00\x01ü\x03\x03\x1d=£\x15\x18?Â^\x9a8dYÇq8l¥üö³T\x8a¯]ò\x9dÊÃÇ«Çï \x81K\x09%ëw\x9cU\x11\x05ÝËj\x02Ò§îÊ\x05rë\x12\x05ø\x1c1$C\x90§\x92î\x00 úú\x13\x01\x13\x02\x13\x03À+À/À,À0Ì©Ì¨À\x13À\x14\x00\x9c\x00\x9d\x00/\x005\x01\x00\x01\x93ªª\x00\x00\x00\x0b\x00\x02\x01\x00\x00\x05\x00\x05\x01\x00\x00\x00\x00\x00" 400 -
173.88.240.127 - - [15/Nov/2023 23:46:29] code 400, message Bad request version ('¸\\x9aÜK#¢+\\x187P=\\x87[ô\\x18\\x17\\x80')
173.88.240.127 - - [15/Nov/2023 23:46:29] "\x16\x03\x01\x02\x00\x01\x00\x01ü\x03\x03\x05¾¢\x15K^\x1a\x0e\x08n'ò¿§¼\\\x87 ð)ë\x07\x8fóxU×7u\x04pF ñ\x9cvóL0\x14+m«èiÎLËª\x80K\x04\x8a\x8d\x9f\x16ú\x99.b6ÿHÆh\x00 zz\x13\x01\x13\x02\x13\x03À+À/À,À0Ì©Ì¨À\x13À\x14\x00\x9c\x00\x9d\x00/\x005\x01\x00\x01\x93ºº\x00\x00ÿ\x01\x00\x01\x00\x00\x05\x00\x05\x01\x00\x00\x00\x00\x00\x1b\x00\x03\x02\x00\x02þ\x0d\x00Ú\x00\x00\x01\x00\x01\x91\x00 ]QÍ¹ÙÕõ¨Ñ÷zÉE\x9cà\x86\x17ÈW¸\x96#"\x0f\x9bÔî\x89ì;\x8bA\x00°ÖjbÍsº3þ\x85¸\x9aÜK#¢+\x187P=\x87[ô\x18\x17\x80" 400 -
173.88.240.127 - - [15/Nov/2023 23:46:29] "GET /list HTTP/1.1" 200 971
173.88.240.127 - - [15/Nov/2023 23:46:29] "GET /favicon.ico HTTP/1.1" 404 745
131.123.49.220 - - [15/Nov/2023 23:46:33] "GET /list HTTP/1.1" 200 971
131.123.49.220 - - [15/Nov/2023 23:46:33] "GET /favicon.ico HTTP/1.1" 404 745
131.123.49.220 - - [15/Nov/2023 23:46:33] code 400, message Bad request version ('ªá\\x9b¦Ï\\x99\\x9d\\x00ÑxÑÝ*^µÎ\\x8e')
131.123.49.220 - - [15/Nov/2023 23:46:33] "\x16\x03\x01\x02\x00\x01\x00\x01ü\x03\x03Ù!\x84"\x10@`8ÂÖÁmÖk\x1f\x1d\x8bÝ´\x83v\x14î\x98\x1c\x8fd¼`d µ ©óT"³\x11ÝN17\x9d£;=sõp\x16@f\x1d¨M`¦`ó\x1b@ßºG\x00 ªª\x13\x01\x13\x02\x13\x03À+À/À,À0Ì©Ì¨À\x13À\x14\x00\x9c\x00\x9d\x00/\x005\x01\x00\x01\x93**\x00\x00\x00\x0d\x00\x12\x00\x10\x04\x03\x08\x04\x04\x01\x05\x03\x08\x05\x05\x01\x08\x06\x06\x01\x00+\x00\x07\x06JJ\x03\x04\x03\x03ÿ\x01\x00\x01\x00\x00\x17\x00\x00\x00\x1b\x00\x03\x02\x00\x02\x00\x05\x00\x05\x01\x00\x00\x00\x00þ\x0d\x00Ú\x00\x00\x01\x00\x01\x0b\x00 \x99A\x07h¦¹\x86ªÄH\x92«4#é@ù\x02RÈsÇ¨5\x9d%ÊÖ\x93\x03\x08g\x00°\x05$F\x0fÄë\x18¦?Y\x9a\x1a\x15J\x1cµñÙ\x16¬­Çk\x8a|¡\x9cEÏv\x0fã\x80Ä,W\x06ÿm\x9cá¹\x9d¦ßÝ|¶\x94Æ\x1e\x0bawaç\x86¹Z\x8bîb\x04\x17pÃ\x8fq\x1fªá\x9b¦Ï\x99\x9d\x00ÑxÑÝ*^µÎ\x8e" 400 -
75.187.216.85 - - [15/Nov/2023 23:46:33] "GET /list HTTP/1.1" 200 971
131.123.49.220 - - [15/Nov/2023 23:46:33] code 400, message Bad request version ('\\x02h2\\x08http/1.1\\x00\\x12\\x00\\x00\\x00')
131.123.49.220 - - [15/Nov/2023 23:46:33] "\x16\x03\x01\x02\x00\x01\x00\x01ü\x03\x03¡.\x9b©ÏÑ\x16Å\x9c\x02&µÝ\x95²\x94,Ô\x8dØÚ2§\x1e×õV\x05\x11n·D (\x98\x0d$\x90r\x16\x1c1%¼:¤Æm\x8cBË~mQ!¤Ëæ \x9c§èsb÷\x00 ÚÚ\x13\x01\x13\x02\x13\x03À+À/À,À0Ì©Ì¨À\x13À\x14\x00\x9c\x00\x9d\x00/\x005\x01\x00\x01\x93ªª\x00\x00Di\x00\x05\x00\x03\x02h2\x00\x0d\x00\x12\x00\x10\x04\x03\x08\x04\x04\x01\x05\x03\x08\x05\x05\x01\x08\x06\x06\x01\x00\x1b\x00\x03\x02\x00\x02\x00\x10\x00\x0e\x00\x0c\x02h2\x08http/1.1\x00\x12\x00\x00\x00" 400 -
173.88.240.127 - - [15/Nov/2023 23:46:38] "GET /add HTTP/1.1" 200 196
131.123.49.220 - - [15/Nov/2023 23:46:39] "GET /add HTTP/1.1" 200 196
131.123.49.220 - - [15/Nov/2023 23:46:40] "GET /favicon.ico HTTP/1.1" 404 745
131.123.49.220 - - [15/Nov/2023 23:46:42] code 400, message Bad request version ('ih®\\x92\\x8dÄ\\x86\\x08Ý.\\x00\\x12\\x00\\x00\\x00\\x1b\\x00\\x03\\x02\\x00\\x02\\x00-\\x00\\x02\\x01\\x01\\x00+\\x00\\x07\\x06\\x8a\\x8a\\x03\\x04\\x03\\x03\\x00\\x17\\x00\\x00\\x00')
131.123.49.220 - - [15/Nov/2023 23:46:42] "\x16\x03\x01\x02\x00\x01\x00\x01ü\x03\x03xoxÊé\x9dú\x9e\x03Àqà\x16<Ò\x17\x8c=ì5oK\x1bX\x01<\x16\x1d*Ê-\x08 Ù\x1aû \x95Õª³\x8b\x80\x92Ã\x92«f&C]ð\x07ì\x9d\x9a\x90¼\x08u\x91@\x1bª/\x00 **\x13\x01\x13\x02\x13\x03À+À/À,À0Ì©Ì¨À\x13À\x14\x00\x9c\x00\x9d\x00/\x005\x01\x00\x01\x93\x1a\x1a\x00\x00\x00\x05\x00\x05\x01\x00\x00\x00\x00þ\x0d\x00º\x00\x00\x01\x00\x01\x03\x00 »Ç4×X\x9eË~¬Êd\x92\x90!È´>/%\x10NÚÎ\x19u\x8ddd\x9e=­l\x00\x90zË*U/G\x86¿¿Ó²çüï¤¸"\x99\x96j\x14î`jýe\x14¼_w\x90ÿ\x18Â­¥Þd\x14Å#+±Ä\x18y­Ô\x7f\x8d\x91"Û\x03x\x120ïp|]J2ÆA=\x1dðQ\x96\x7f.®\x8fáÀÿ0ñmõ}r0â0Cu\x1dµÓu­ó!_áÔöS\x85\x1b\x97Üâ\x998øÜÛ{9¦áº\x1c+J\x11Ií çï_áFM\x87Q1\x9aG\x1cih®\x92\x8dÄ\x86\x08Ý.\x00\x12\x00\x00\x00\x1b\x00\x03\x02\x00\x02\x00-\x00\x02\x01\x01\x00+\x00\x07\x06\x8a\x8a\x03\x04\x03\x03\x00\x17\x00\x00\x00" 400 -
131.123.49.220 - - [15/Nov/2023 23:46:42] "GET /favicon.ico HTTP/1.1" 404 745
75.187.216.85 - - [15/Nov/2023 23:46:42] "GET /add HTTP/1.1" 200 196
131.123.49.220 - - [15/Nov/2023 23:46:42] "POST /add HTTP/1.1" 303 0
131.123.49.220 - - [15/Nov/2023 23:46:42] "GET /list HTTP/1.1" 200 1145
131.123.49.220 - - [15/Nov/2023 23:46:42] code 400, message Bad request version ('\\x18\\x03}Ã_\\x00°½¬ö\\x97\\x07\\x8a/+ÇE>3Ý\\x86\\x11L\\x1b&ñ')
131.123.49.220 - - [15/Nov/2023 23:46:42] "\x16\x03\x01\x02\x00\x01\x00\x01ü\x03\x03N\x82Ù\x16Î¾irË\x83\x17Êõ1\x89W\x08¸\x02kHÇì;ÚAk;\x8cîôn \x09&Dù:éÛú½QuDðd<R^]\x86\x9eÕz\x97\x16»A\\ö¸ô3\x1f\x00 úú\x13\x01\x13\x02\x13\x03À+À/À,À0Ì©Ì¨À\x13À\x14\x00\x9c\x00\x9d\x00/\x005\x01\x00\x01\x93::\x00\x00\x00#\x00\x00\x00\x10\x00\x0e\x00\x0c\x02h2\x08http/1.1\x00\x0b\x00\x02\x01\x00\x00\x1b\x00\x03\x02\x00\x02\x00\x05\x00\x05\x01\x00\x00\x00\x00þ\x0d\x00Ú\x00\x00\x01\x00\x01C\x00 è\x10P¬öé~Ñ\x9c\x93K\x96Øì\x06\x87+;è±ðQYú\x1bµ\x1c\x18\x03}Ã_\x00°½¬ö\x97\x07\x8a/+ÇE>3Ý\x86\x11L\x1b&ñ" 400 -
75.187.216.85 - - [15/Nov/2023 23:46:49] "POST /add HTTP/1.1" 303 0
75.187.216.85 - - [15/Nov/2023 23:46:49] "GET /list HTTP/1.1" 200 1316
173.88.240.127 - - [15/Nov/2023 23:46:52] "POST /add HTTP/1.1" 303 0
173.88.240.127 - - [15/Nov/2023 23:46:52] "GET /list HTTP/1.1" 200 1489
131.123.49.228 - - [15/Nov/2023 23:46:53] "GET /list HTTP/1.1" 200 1489
131.123.49.228 - - [15/Nov/2023 23:46:56] code 400, message Bad request version ('ªª\\x13\\x01\\x13\\x02\\x13\\x03À+À/À,À0Ì©Ì¨À\\x13À\\x14\\x00\\x9c\\x00\\x9d\\x00/\\x005\\x01\\x00\\x06Sªª\\x00\\x00\\x00\\x12\\x00\\x00\\x00+\\x00\\x07\\x06ºº\\x03\\x04\\x03\\x03\\x003\\x04ï\\x04íÊÊ\\x00\\x01\\x00c\\x99\\x04À)\\x18\\x1b')
131.123.49.228 - - [15/Nov/2023 23:46:56] "\x16\x03\x01\x06À\x01\x00\x06¼\x03\x03ù\x0b\x85\x06\x99\x09\x04¶\x92{\x9eÎ#n\x99È{Ai\x01v\x9e'«YßÙoT Rë 2Ñ58i£`6\x11\x94Yc=\x09µtlr3ÙÙ\x80\x9bÀç:\x14qsaîØ\x00 ªª\x13\x01\x13\x02\x13\x03À+À/À,À0Ì©Ì¨À\x13À\x14\x00\x9c\x00\x9d\x00/\x005\x01\x00\x06Sªª\x00\x00\x00\x12\x00\x00\x00+\x00\x07\x06ºº\x03\x04\x03\x03\x003\x04ï\x04íÊÊ\x00\x01\x00c\x99\x04À)\x18\x1b" 400 -
75.187.216.85 - - [15/Nov/2023 23:46:56] "GET /list HTTP/1.1" 200 1489
131.123.49.228 - - [15/Nov/2023 23:46:56] code 400, message Bad request version ('ZZ\\x13\\x01\\x13\\x02\\x13\\x03À+À/À,À0Ì©Ì¨À\\x13À\\x14\\x00\\x9c\\x00\\x9d\\x00/\\x005\\x01\\x00\\x06S')
131.123.49.228 - - [15/Nov/2023 23:46:56] "\x16\x03\x01\x06À\x01\x00\x06¼\x03\x03±Ü/F<×QJ\x98\x90\x8a(\x0f\x96¯\x8e0h-³\x80E7\x10o¡SUZ÷ò\x97 \x1bIdÔgð©ë}Þu\x0f\x1fXÙ\x85±:\x0b\x86rÑ%Ï þj\x14îÏÕâ\x00 ZZ\x13\x01\x13\x02\x13\x03À+À/À,À0Ì©Ì¨À\x13À\x14\x00\x9c\x00\x9d\x00/\x005\x01\x00\x06S" 400 -
173.88.242.67 - - [15/Nov/2023 23:47:17] "GET /list HTTP/1.1" 200 1489
173.88.242.67 - - [15/Nov/2023 23:47:17] code 400, message Bad request syntax ('\\x16\\x03\\x01\\x02\\x00\\x01\\x00\\x01ü\\x03\\x03Å-ú¨Ñq\\x9a\\x90ÃÕ\\x10Ã\\x8d¾³\\x05¿\\x9bjõ\\x80ð')
173.88.242.67 - - [15/Nov/2023 23:47:17] "\x16\x03\x01\x02\x00\x01\x00\x01ü\x03\x03Å-ú¨Ñq\x9a\x90ÃÕ\x10Ã\x8d¾³\x05¿\x9bjõ\x80ð" 400 -
173.88.242.67 - - [15/Nov/2023 23:47:17] "GET /add HTTP/1.1" 200 196
75.187.216.85 - - [15/Nov/2023 23:47:17] "GET /list HTTP/1.1" 200 1489
173.88.242.67 - - [15/Nov/2023 23:47:17] "GET /favicon.ico HTTP/1.1" 404 745
173.88.242.67 - - [15/Nov/2023 23:47:17] code 400, message Bad request version ('\\x00\\x12\\x00\\x10\\x04\\x03\\x08\\x04\\x04\\x01\\x05\\x03\\x08\\x05\\x05\\x01\\x08\\x06\\x06\\x01\\x00')
173.88.242.67 - - [15/Nov/2023 23:47:17] "\x16\x03\x01\x02:\x01\x00\x026\x03\x03á\x18­|+\\\x9dh\x95s"\x8d³ÚoUÎ\x89}UG\x86¥<¤Ô¥A>\x8c\x1e\x93 ð>>\x1a\x1f[ÕmïuEj&Pò<ýýëAøíá\x831ý*¶I\x17v \x00 ÚÚ\x13\x01\x13\x02\x13\x03À+À/À,À0Ì©Ì¨À\x13À\x14\x00\x9c\x00\x9d\x00/\x005\x01\x00\x01Íºº\x00\x00\x00\x05\x00\x05\x01\x00\x00\x00\x00\x00\x10\x00\x0e\x00\x0c\x02h2\x08http/1.1\x00\x0d\x00\x12\x00\x10\x04\x03\x08\x04\x04\x01\x05\x03\x08\x05\x05\x01\x08\x06\x06\x01\x00" 400 -
173.88.242.67 - - [15/Nov/2023 23:47:20] "GET /add HTTP/1.1" 200 196
173.88.242.67 - - [15/Nov/2023 23:47:20] "GET /favicon.ico HTTP/1.1" 404 745
173.88.242.67 - - [15/Nov/2023 23:47:20] "GET /favicon.ico HTTP/1.1" 404 745
131.123.49.220 - - [15/Nov/2023 23:47:26] "GET /list HTTP/1.1" 200 1489
131.123.49.220 - - [15/Nov/2023 23:47:27] "GET /list HTTP/1.1" 200 1489
131.123.49.220 - - [15/Nov/2023 23:47:40] "GET /list HTTP/1.1" 200 1489
173.88.242.67 - - [15/Nov/2023 23:47:40] "POST /add HTTP/1.1" 303 0
173.88.242.67 - - [15/Nov/2023 23:47:40] "GET /list HTTP/1.1" 200 1658
131.123.49.220 - - [15/Nov/2023 23:47:51] "GET /delete/655555254391bb0a74bfda07 HTTP/1.1" 303 0
131.123.49.220 - - [15/Nov/2023 23:47:51] "GET /list HTTP/1.1" 200 1480
75.187.216.85 - - [15/Nov/2023 23:47:51] "GET /list HTTP/1.1" 200 1480
173.88.240.127 - - [15/Nov/2023 23:47:53] "GET /list HTTP/1.1" 200 1480

